Archive member included because of file (symbol)

C:\Users\dlenardon\AppData\Local\Temp\VMBuilds\loopbackSAM2\arduino_due_x\Debug\CAUtility\CAUtility.a(CAUtility.cpp.o)
                              C:\Users\dlenardon\AppData\Local\Temp\VMBuilds\loopbackSAM2\arduino_due_x\Debug\loopbackSAM2.cpp.o (CAU::logInit(unsigned long))
C:\Users\dlenardon\AppData\Local\arduino15\packages\arduino\hardware\sam\1.6.11\variants\arduino_due_x/libsam_sam3x8e_gcc_rel.a(pio.o)
                              C:\Users\dlenardon\AppData\Local\Temp\VMBuilds\loopbackSAM2\arduino_due_x\Debug\variant\variant.cpp.o (PIO_Configure)
C:\Users\dlenardon\AppData\Local\arduino15\packages\arduino\hardware\sam\1.6.11\variants\arduino_due_x/libsam_sam3x8e_gcc_rel.a(pmc.o)
                              C:\Users\dlenardon\AppData\Local\Temp\VMBuilds\loopbackSAM2\arduino_due_x\Debug\variant\variant.cpp.o (pmc_enable_periph_clk)
C:\Users\dlenardon\AppData\Local\arduino15\packages\arduino\hardware\sam\1.6.11\variants\arduino_due_x/libsam_sam3x8e_gcc_rel.a(system_sam3xa.o)
                              C:\Users\dlenardon\AppData\Local\Temp\VMBuilds\loopbackSAM2\arduino_due_x\Debug\variant\variant.cpp.o (SystemInit)
C:\Users\dlenardon\AppData\Local\arduino15\packages\arduino\hardware\sam\1.6.11\variants\arduino_due_x/libsam_sam3x8e_gcc_rel.a(startup_sam3xa.o)
                              (Reset_Handler)
C:\Users\dlenardon\AppData\Local\arduino15\packages\arduino\hardware\sam\1.6.11\variants\arduino_due_x/libsam_sam3x8e_gcc_rel.a(adc.o)
                              C:\Users\dlenardon\AppData\Local\Temp\VMBuilds\loopbackSAM2\arduino_due_x\Debug\variant\variant.cpp.o (adc_init)
C:\Users\dlenardon\AppData\Local\arduino15\packages\arduino\hardware\sam\1.6.11\variants\arduino_due_x/libsam_sam3x8e_gcc_rel.a(uotghs.o)
                              C:\Users\dlenardon\AppData\Local\arduino15\packages\arduino\hardware\sam\1.6.11\variants\arduino_due_x/libsam_sam3x8e_gcc_rel.a(startup_sam3xa.o) (UOTGHS_Handler)
C:\Users\dlenardon\AppData\Local\Temp\VMBuilds\loopbackSAM2\arduino_due_x\Debug/core.a(cortex_handlers.c.o)
                              C:\Users\dlenardon\AppData\Local\arduino15\packages\arduino\hardware\sam\1.6.11\variants\arduino_due_x/libsam_sam3x8e_gcc_rel.a(startup_sam3xa.o) (NMI_Handler)
C:\Users\dlenardon\AppData\Local\Temp\VMBuilds\loopbackSAM2\arduino_due_x\Debug/core.a(hooks.c.o)
                              C:\Users\dlenardon\AppData\Local\Temp\VMBuilds\loopbackSAM2\arduino_due_x\Debug/core.a(cortex_handlers.c.o) (sysTickHook)
C:\Users\dlenardon\AppData\Local\Temp\VMBuilds\loopbackSAM2\arduino_due_x\Debug/core.a(syscalls_sam3.c.o)
                              (_sbrk)
C:\Users\dlenardon\AppData\Local\Temp\VMBuilds\loopbackSAM2\arduino_due_x\Debug/core.a(wiring.c.o)
                              C:\Users\dlenardon\AppData\Local\Temp\VMBuilds\loopbackSAM2\arduino_due_x\Debug\loopbackSAM2.cpp.o (delay)
C:\Users\dlenardon\AppData\Local\Temp\VMBuilds\loopbackSAM2\arduino_due_x\Debug/core.a(wiring_analog.c.o)
                              C:\Users\dlenardon\AppData\Local\Temp\VMBuilds\loopbackSAM2\arduino_due_x\Debug\variant\variant.cpp.o (analogOutputInit)
C:\Users\dlenardon\AppData\Local\Temp\VMBuilds\loopbackSAM2\arduino_due_x\Debug/core.a(wiring_digital.c.o)
                              C:\Users\dlenardon\AppData\Local\Temp\VMBuilds\loopbackSAM2\arduino_due_x\Debug/core.a(wiring_analog.c.o) (pinMode)
C:\Users\dlenardon\AppData\Local\Temp\VMBuilds\loopbackSAM2\arduino_due_x\Debug/core.a(main.cpp.o)
                              c:/users/dlenardon/appdata/local/arduino15/packages/arduino/tools/arm-none-eabi-gcc/4.8.3-2014q1/bin/../lib/gcc/arm-none-eabi/4.8.3/../../../../arm-none-eabi/lib/armv7-m/crt0.o (main)
C:\Users\dlenardon\AppData\Local\Temp\VMBuilds\loopbackSAM2\arduino_due_x\Debug/core.a(Print.cpp.o)
                              C:\Users\dlenardon\AppData\Local\Temp\VMBuilds\loopbackSAM2\arduino_due_x\Debug\CAUtility\CAUtility.a(CAUtility.cpp.o) (Print::print(char const*))
C:\Users\dlenardon\AppData\Local\Temp\VMBuilds\loopbackSAM2\arduino_due_x\Debug/core.a(Reset.cpp.o)
                              C:\Users\dlenardon\AppData\Local\Temp\VMBuilds\loopbackSAM2\arduino_due_x\Debug/core.a(cortex_handlers.c.o) (tickReset)
C:\Users\dlenardon\AppData\Local\Temp\VMBuilds\loopbackSAM2\arduino_due_x\Debug/core.a(RingBuffer.cpp.o)
                              C:\Users\dlenardon\AppData\Local\Temp\VMBuilds\loopbackSAM2\arduino_due_x\Debug\variant\variant.cpp.o (RingBuffer::RingBuffer())
C:\Users\dlenardon\AppData\Local\Temp\VMBuilds\loopbackSAM2\arduino_due_x\Debug/core.a(UARTClass.cpp.o)
                              C:\Users\dlenardon\AppData\Local\Temp\VMBuilds\loopbackSAM2\arduino_due_x\Debug\loopbackSAM2.cpp.o (UARTClass::available())
C:\Users\dlenardon\AppData\Local\Temp\VMBuilds\loopbackSAM2\arduino_due_x\Debug/core.a(USARTClass.cpp.o)
[...]
Memory Configuration

Name             Origin             Length             Attributes
rom              0x00080000         0x00080000         xr
sram0            0x20000000         0x00010000         xrw
sram1            0x20080000         0x00008000         xrw
ram              0x20070000         0x00018000         xrw
*default*        0x00000000         0xffffffff

Linker script and memory map

LOAD c:/users/dlenardon/appdata/local/arduino15/packages/arduino/tools/arm-none-eabi-gcc/4.8.3-2014q1/bin/../lib/gcc/arm-none-eabi/4.8.3/armv7-m/crti.o
LOAD c:/users/dlenardon/appdata/local/arduino15/packages/arduino/tools/arm-none-eabi-gcc/4.8.3-2014q1/bin/../lib/gcc/arm-none-eabi/4.8.3/armv7-m/crtbegin.o
LOAD c:/users/dlenardon/appdata/local/arduino15/packages/arduino/tools/arm-none-eabi-gcc/4.8.3-2014q1/bin/../lib/gcc/arm-none-eabi/4.8.3/../../../../arm-none-eabi/lib/armv7-m/crt0.o
START GROUP
LOAD C:\Users\dlenardon\AppData\Local\Temp\VMBuilds\loopbackSAM2\arduino_due_x\Debug\loopbackSAM2.cpp.o
LOAD C:\Users\dlenardon\AppData\Local\Temp\VMBuilds\loopbackSAM2\arduino_due_x\Debug\CAUtility\CAUtility.a
LOAD C:\Users\dlenardon\AppData\Local\Temp\VMBuilds\loopbackSAM2\arduino_due_x\Debug\variant\variant.cpp.o
LOAD C:\Users\dlenardon\AppData\Local\arduino15\packages\arduino\hardware\sam\1.6.11\variants\arduino_due_x/libsam_sam3x8e_gcc_rel.a
LOAD C:\Users\dlenardon\AppData\Local\Temp\VMBuilds\loopbackSAM2\arduino_due_x\Debug/core.a
END GROUP
LOAD c:/users/dlenardon/appdata/local/arduino15/packages/arduino/tools/arm-none-eabi-gcc/4.8.3-2014q1/bin/../lib/gcc/arm-none-eabi/4.8.3/../../../../arm-none-eabi/lib/armv7-m\libm.a
START GROUP
LOAD c:/users/dlenardon/appdata/local/arduino15/packages/arduino/tools/arm-none-eabi-gcc/4.8.3-2014q1/bin/../lib/gcc/arm-none-eabi/4.8.3/armv7-m\libgcc.a
LOAD c:/users/dlenardon/appdata/local/arduino15/packages/arduino/tools/arm-none-eabi-gcc/4.8.3-2014q1/bin/../lib/gcc/arm-none-eabi/4.8.3/../../../../arm-none-eabi/lib/armv7-m\libg.a
LOAD c:/users/dlenardon/appdata/local/arduino15/packages/arduino/tools/arm-none-eabi-gcc/4.8.3-2014q1/bin/../lib/gcc/arm-none-eabi/4.8.3/../../../../arm-none-eabi/lib/armv7-m\libc.a
END GROUP
LOAD c:/users/dlenardon/appdata/local/arduino15/packages/arduino/tools/arm-none-eabi-gcc/4.8.3-2014q1/bin/../lib/gcc/arm-none-eabi/4.8.3/armv7-m/crtend.o
LOAD c:/users/dlenardon/appdata/local/arduino15/packages/arduino/tools/arm-none-eabi-gcc/4.8.3-2014q1/bin/../lib/gcc/arm-none-eabi/4.8.3/armv7-m/crtn.o

.text           0x00080000     0x8d74
                0x00080000                . = ALIGN (0x4)
                0x00080000                _sfixed = .
 *(.vectors .vectors.*)
 .vectors       0x00080000       0xf4 C:\Users\dlenardon\AppData\Local\arduino15\packages\arduino\hardware\sam\1.6.11\variants\arduino_due_x/libsam_sam3x8e_gcc_rel.a(startup_sam3xa.o)
                0x00080000                exception_table
 *(.text .text.* .gnu.linkonce.t.*)
 .text          0x000800f4       0x54 c:/users/dlenardon/appdata/local/arduino15/packages/arduino/tools/arm-none-eabi-gcc/4.8.3-2014q1/bin/../lib/gcc/arm-none-eabi/4.8.3/armv7-m/crtbegin.o
 .text.setup    0x00080148       0x30 C:\Users\dlenardon\AppData\Local\Temp\VMBuilds\loopbackSAM2\arduino_due_x\Debug\loopbackSAM2.cpp.o
                0x00080148                setup
 .text.loop     0x00080178       0x64 C:\Users\dlenardon\AppData\Local\Temp\VMBuilds\loopbackSAM2\arduino_due_x\Debug\loopbackSAM2.cpp.o
                0x00080178                loop
 .text._ZN3CAU7logInitEm
                0x000801dc        0xc C:\Users\dlenardon\AppData\Local\Temp\VMBuilds\loopbackSAM2\arduino_due_x\Debug\CAUtility\CAUtility.a(CAUtility.cpp.o)
                0x000801dc                CAU::logInit(unsigned long)
 .text._ZN3CAU3logEPcz
                0x000801e8       0x2c C:\Users\dlenardon\AppData\Local\Temp\VMBuilds\loopbackSAM2\arduino_due_x\Debug\CAUtility\CAUtility.a(CAUtility.cpp.o)
                0x000801e8                CAU::log(char*, ...)
 .text._Z11serialEventv
                0x00080214        0x2 C:\Users\dlenardon\AppData\Local\Temp\VMBuilds\loopbackSAM2\arduino_due_x\Debug\variant\variant.cpp.o
                0x00080214                serialEvent()
 *fill*         0x00080216        0x2 
 .text.UART_Handler
                0x00080218        0xc C:\Users\dlenardon\AppData\Local\Temp\VMBuilds\loopbackSAM2\arduino_due_x\Debug\variant\variant.cpp.o
                0x00080218                UART_Handler
 .text._Z12serialEvent1v
                0x00080224        0x2 C:\Users\dlenardon\AppData\Local\Temp\VMBuilds\loopbackSAM2\arduino_due_x\Debug\variant\variant.cpp.o
                0x00080224                serialEvent1()
 .text._Z12serialEvent2v
                0x00080226        0x2 C:\Users\dlenardon\AppData\Local\Temp\VMBuilds\loopbackSAM2\arduino_due_x\Debug\variant\variant.cpp.o
                0x00080226                serialEvent2()
 .text._Z12serialEvent3v
                0x00080228        0x2 C:\Users\dlenardon\AppData\Local\Temp\VMBuilds\loopbackSAM2\arduino_due_x\Debug\variant\variant.cpp.o
                0x00080228                serialEvent3()
 *fill*         0x0008022a        0x2 
 .text.USART0_Handler
                0x0008022c        0xc C:\Users\dlenardon\AppData\Local\Temp\VMBuilds\loopbackSAM2\arduino_due_x\Debug\variant\variant.cpp.o
                0x0008022c                USART0_Handler
 .text.USART1_Handler
                0x00080238        0xc C:\Users\dlenardon\AppData\Local\Temp\VMBuilds\loopbackSAM2\arduino_due_x\Debug\variant\variant.cpp.o
                0x00080238                USART1_Handler
 .text.USART3_Handler
                0x00080244        0xc C:\Users\dlenardon\AppData\Local\Temp\VMBuilds\loopbackSAM2\arduino_due_x\Debug\variant\variant.cpp.o
                0x00080244                USART3_Handler
 .text.init     0x00080250      0x128 C:\Users\dlenardon\AppData\Local\Temp\VMBuilds\loopbackSAM2\arduino_due_x\Debug\variant\variant.cpp.o
                0x00080250                init
 .text.startup._GLOBAL__sub_I_g_APinDescription
                0x00080378       0xd4 C:\Users\dlenardon\AppData\Local\Temp\VMBuilds\loopbackSAM2\arduino_due_x\Debug\variant\variant.cpp.o
 .text._Z14serialEventRunv
                0x0008044c       0x44 C:\Users\dlenardon\AppData\Local\Temp\VMBuilds\loopbackSAM2\arduino_due_x\Debug\variant\variant.cpp.o
                0x0008044c                serialEventRun()
 .text.PIO_PullUp
                0x00080490        0xa C:\Users\dlenardon\AppData\Local\arduino15\packages\arduino\hardware\sam\1.6.11\variants\arduino_due_x/libsam_sam3x8e_gcc_rel.a(pio.o)
                0x00080490                PIO_PullUp
 .text.PIO_SetPeripheral
                0x0008049a       0x26 C:\Users\dlenardon\AppData\Local\arduino15\packages\arduino\hardware\sam\1.6.11\variants\arduino_due_x/libsam_sam3x8e_gcc_rel.a(pio.o)
                0x0008049a                PIO_SetPeripheral
 .text.PIO_SetInput
                0x000804c0       0x26 C:\Users\dlenardon\AppData\Local\arduino15\packages\arduino\hardware\sam\1.6.11\variants\arduino_due_x/libsam_sam3x8e_gcc_rel.a(pio.o)
                0x000804c0                PIO_SetInput
 .text.PIO_SetOutput
                0x000804e6       0x24 C:\Users\dlenardon\AppData\Local\arduino15\packages\arduino\hardware\sam\1.6.11\variants\arduino_due_x/libsam_sam3x8e_gcc_rel.a(pio.o)
                0x000804e6                PIO_SetOutput
 *fill*         0x0008050a        0x2 
 .text.PIO_Configure
                0x0008050c       0x64 C:\Users\dlenardon\AppData\Local\arduino15\packages\arduino\hardware\sam\1.6.11\variants\arduino_due_x/libsam_sam3x8e_gcc_rel.a(pio.o)
                0x0008050c                PIO_Configure
 .text.PIO_GetOutputDataStatus
                0x00080570       0x14 C:\Users\dlenardon\AppData\Local\arduino15\packages\arduino\hardware\sam\1.6.11\variants\arduino_due_x/libsam_sam3x8e_gcc_rel.a(pio.o)
                0x00080570                PIO_GetOutputDataStatus
 .text.pmc_enable_upll_clock
                0x00080584       0x14 C:\Users\dlenardon\AppData\Local\arduino15\packages\arduino\hardware\sam\1.6.11\variants\arduino_due_x/libsam_sam3x8e_gcc_rel.a(pmc.o)
                0x00080584                pmc_enable_upll_clock
 .text.pmc_enable_periph_clk
                0x00080598       0x44 C:\Users\dlenardon\AppData\Local\arduino15\packages\arduino\hardware\sam\1.6.11\variants\arduino_due_x/libsam_sam3x8e_gcc_rel.a(pmc.o)
                0x00080598                pmc_enable_periph_clk
 .text.pmc_disable_periph_clk
                0x000805dc       0x40 C:\Users\dlenardon\AppData\Local\arduino15\packages\arduino\hardware\sam\1.6.11\variants\arduino_due_x/libsam_sam3x8e_gcc_rel.a(pmc.o)
                0x000805dc                pmc_disable_periph_clk
 .text.pmc_switch_udpck_to_upllck
                0x0008061c       0x14 C:\Users\dlenardon\AppData\Local\arduino15\packages\arduino\hardware\sam\1.6.11\variants\arduino_due_x/libsam_sam3x8e_gcc_rel.a(pmc.o)
                0x0008061c                pmc_switch_udpck_to_upllck
 .text.pmc_enable_udpck
                0x00080630        0xc C:\Users\dlenardon\AppData\Local\arduino15\packages\arduino\hardware\sam\1.6.11\variants\arduino_due_x/libsam_sam3x8e_gcc_rel.a(pmc.o)
                0x00080630                pmc_enable_udpck
 .text.SystemInit
                0x0008063c       0x88 C:\Users\dlenardon\AppData\Local\arduino15\packages\arduino\hardware\sam\1.6.11\variants\arduino_due_x/libsam_sam3x8e_gcc_rel.a(system_sam3xa.o)
                0x0008063c                SystemInit
 .text.Reset_Handler
                0x000806c4       0x78 C:\Users\dlenardon\AppData\Local\arduino15\packages\arduino\hardware\sam\1.6.11\variants\arduino_due_x/libsam_sam3x8e_gcc_rel.a(startup_sam3xa.o)
                0x000806c4                Reset_Handler
 .text.adc_init
                0x0008073c       0x98 C:\Users\dlenardon\AppData\Local\arduino15\packages\arduino\hardware\sam\1.6.11\variants\arduino_due_x/libsam_sam3x8e_gcc_rel.a(adc.o)
                0x0008073c                adc_init
 .text.adc_configure_trigger
                0x000807d4        0xe C:\Users\dlenardon\AppData\Local\arduino15\packages\arduino\hardware\sam\1.6.11\variants\arduino_due_x/libsam_sam3x8e_gcc_rel.a(adc.o)
                0x000807d4                adc_configure_trigger
 .text.adc_configure_timing
                0x000807e2       0x1a C:\Users\dlenardon\AppData\Local\arduino15\packages\arduino\hardware\sam\1.6.11\variants\arduino_due_x/libsam_sam3x8e_gcc_rel.a(adc.o)
                0x000807e2                adc_configure_timing
 .text.adc_disable_channel
                0x000807fc        0xa C:\Users\dlenardon\AppData\Local\arduino15\packages\arduino\hardware\sam\1.6.11\variants\arduino_due_x/libsam_sam3x8e_gcc_rel.a(adc.o)
                0x000807fc                adc_disable_channel
 .text.adc_disable_all_channel
                0x00080806        0x8 C:\Users\dlenardon\AppData\Local\arduino15\packages\arduino\hardware\sam\1.6.11\variants\arduino_due_x/libsam_sam3x8e_gcc_rel.a(adc.o)
                0x00080806                adc_disable_all_channel
 .text.adc_disable_interrupt
                0x0008080e        0x4 C:\Users\dlenardon\AppData\Local\arduino15\packages\arduino\hardware\sam\1.6.11\variants\arduino_due_x/libsam_sam3x8e_gcc_rel.a(adc.o)
                0x0008080e                adc_disable_interrupt
 *fill*         0x00080812        0x2 
 .text.UOTGHS_Handler
                0x00080814       0x10 C:\Users\dlenardon\AppData\Local\arduino15\packages\arduino\hardware\sam\1.6.11\variants\arduino_due_x/libsam_sam3x8e_gcc_rel.a(uotghs.o)
                0x00080814                UOTGHS_Handler
 .text.__halt   0x00080824        0x2 C:\Users\dlenardon\AppData\Local\Temp\VMBuilds\loopbackSAM2\arduino_due_x\Debug/core.a(cortex_handlers.c.o)
                0x00080824                DACC_Handler
                0x00080824                DebugMon_Handler
                0x00080824                DMAC_Handler
                0x00080824                TRNG_Handler
                0x00080824                HardFault_Handler
                0x00080824                TC2_Handler
                0x00080824                TWI1_Handler
                0x00080824                NMI_Handler
                0x00080824                TC7_Handler
                0x00080824                ADC_Handler
                0x00080824                SMC_Handler
                0x00080824                RTT_Handler
                0x00080824                EFC1_Handler
                0x00080824                PIOB_Handler
                0x00080824                RTC_Handler
                0x00080824                UsageFault_Handler
                0x00080824                TC6_Handler
                0x00080824                WDT_Handler
                0x00080824                CAN0_Handler
                0x00080824                TC4_Handler
                0x00080824                TC1_Handler
                0x00080824                HSMCI_Handler
                0x00080824                TC3_Handler
                0x00080824                TWI0_Handler
                0x00080824                PIOA_Handler
                0x00080824                SSC_Handler
                0x00080824                EFC0_Handler
                0x00080824                PMC_Handler
                0x00080824                PWM_Handler
                0x00080824                CAN1_Handler
                0x00080824                MemManage_Handler
                0x00080824                SUPC_Handler
                0x00080824                TC8_Handler
                0x00080824                USART2_Handler
                0x00080824                PIOD_Handler
                0x00080824                EMAC_Handler
                0x00080824                PIOC_Handler
                0x00080824                BusFault_Handler
                0x00080824                RSTC_Handler
                0x00080824                TC0_Handler
                0x00080824                TC5_Handler
                0x00080824                SPI0_Handler
 .text.SVC_Handler
                0x00080826        0x4 C:\Users\dlenardon\AppData\Local\Temp\VMBuilds\loopbackSAM2\arduino_due_x\Debug/core.a(cortex_handlers.c.o)
                0x00080826                SVC_Handler
 .text.PendSV_Handler
                0x0008082a        0x4 C:\Users\dlenardon\AppData\Local\Temp\VMBuilds\loopbackSAM2\arduino_due_x\Debug/core.a(cortex_handlers.c.o)
                0x0008082a                PendSV_Handler
 .text.SysTick_Handler
                0x0008082e       0x16 C:\Users\dlenardon\AppData\Local\Temp\VMBuilds\loopbackSAM2\arduino_due_x\Debug/core.a(cortex_handlers.c.o)
                0x0008082e                SysTick_Handler
 .text.__empty  0x00080844        0x2 C:\Users\dlenardon\AppData\Local\Temp\VMBuilds\loopbackSAM2\arduino_due_x\Debug/core.a(hooks.c.o)
                0x00080844                yield
 .text.__false  0x00080846        0x4 C:\Users\dlenardon\AppData\Local\Temp\VMBuilds\loopbackSAM2\arduino_due_x\Debug/core.a(hooks.c.o)
                0x00080846                sysTickHook
 .text.__halt   0x0008084a        0x2 C:\Users\dlenardon\AppData\Local\Temp\VMBuilds\loopbackSAM2\arduino_due_x\Debug/core.a(hooks.c.o)
                0x0008084a                svcHook
                0x0008084a                pendSVHook
 .text._sbrk    0x0008084c       0x1c C:\Users\dlenardon\AppData\Local\Temp\VMBuilds\loopbackSAM2\arduino_due_x\Debug/core.a(syscalls_sam3.c.o)
                0x0008084c                _sbrk
 .text.link     0x00080868        0x6 C:\Users\dlenardon\AppData\Local\Temp\VMBuilds\loopbackSAM2\arduino_due_x\Debug/core.a(syscalls_sam3.c.o)
                0x00080868                link
 .text._close   0x0008086e        0x6 C:\Users\dlenardon\AppData\Local\Temp\VMBuilds\loopbackSAM2\arduino_due_x\Debug/core.a(syscalls_sam3.c.o)
                0x0008086e                _close
 .text._fstat   0x00080874        0xa C:\Users\dlenardon\AppData\Local\Temp\VMBuilds\loopbackSAM2\arduino_due_x\Debug/core.a(syscalls_sam3.c.o)
                0x00080874                _fstat
 .text._isatty  0x0008087e        0x4 C:\Users\dlenardon\AppData\Local\Temp\VMBuilds\loopbackSAM2\arduino_due_x\Debug/core.a(syscalls_sam3.c.o)
                0x0008087e                _isatty
 .text._lseek   0x00080882        0x4 C:\Users\dlenardon\AppData\Local\Temp\VMBuilds\loopbackSAM2\arduino_due_x\Debug/core.a(syscalls_sam3.c.o)
                0x00080882                _lseek
 .text._read    0x00080886        0x4 C:\Users\dlenardon\AppData\Local\Temp\VMBuilds\loopbackSAM2\arduino_due_x\Debug/core.a(syscalls_sam3.c.o)
                0x00080886                _read
 *fill*         0x0008088a        0x2 
 .text._write   0x0008088c       0x24 C:\Users\dlenardon\AppData\Local\Temp\VMBuilds\loopbackSAM2\arduino_due_x\Debug/core.a(syscalls_sam3.c.o)
                0x0008088c                _write
 .text._exit    0x000808b0       0x10 C:\Users\dlenardon\AppData\Local\Temp\VMBuilds\loopbackSAM2\arduino_due_x\Debug/core.a(syscalls_sam3.c.o)
                0x000808b0                _exit
 .text._kill    0x000808c0        0x2 C:\Users\dlenardon\AppData\Local\Temp\VMBuilds\loopbackSAM2\arduino_due_x\Debug/core.a(syscalls_sam3.c.o)
                0x000808c0                _kill
 .text._getpid  0x000808c2        0x6 C:\Users\dlenardon\AppData\Local\Temp\VMBuilds\loopbackSAM2\arduino_due_x\Debug/core.a(syscalls_sam3.c.o)
                0x000808c2                _getpid
 .text.delay    0x000808c8       0x1c C:\Users\dlenardon\AppData\Local\Temp\VMBuilds\loopbackSAM2\arduino_due_x\Debug/core.a(wiring.c.o)
                0x000808c8                delay
 .text.analogOutputInit
                0x000808e4        0x2 C:\Users\dlenardon\AppData\Local\Temp\VMBuilds\loopbackSAM2\arduino_due_x\Debug/core.a(wiring_analog.c.o)
                0x000808e4                analogOutputInit
 *fill*         0x000808e6        0x2 
 .text.pinMode  0x000808e8      0x108 C:\Users\dlenardon\AppData\Local\Temp\VMBuilds\loopbackSAM2\arduino_due_x\Debug/core.a(wiring_digital.c.o)
                0x000808e8                pinMode
 .text.digitalWrite
                0x000809f0       0x70 C:\Users\dlenardon\AppData\Local\Temp\VMBuilds\loopbackSAM2\arduino_due_x\Debug/core.a(wiring_digital.c.o)
                0x000809f0                digitalWrite
 .text.initVariant
                0x00080a60        0x2 C:\Users\dlenardon\AppData\Local\Temp\VMBuilds\loopbackSAM2\arduino_due_x\Debug/core.a(main.cpp.o)
                0x00080a60                initVariant
 *fill*         0x00080a62        0x2 
 .text.startup.main
                0x00080a64       0x38 C:\Users\dlenardon\AppData\Local\Temp\VMBuilds\loopbackSAM2\arduino_due_x\Debug/core.a(main.cpp.o)
                0x00080a64                main
 .text._ZN5Print5writeEPKhj
                0x00080a9c       0x22 C:\Users\dlenardon\AppData\Local\Temp\VMBuilds\loopbackSAM2\arduino_due_x\Debug/core.a(Print.cpp.o)
                0x00080a9c                Print::write(unsigned char const*, unsigned int)
 .text._ZN5Print5writeEPKc
                0x00080abe       0x1e C:\Users\dlenardon\AppData\Local\Temp\VMBuilds\loopbackSAM2\arduino_due_x\Debug/core.a(Print.cpp.o)
                0x00080abe                Print::write(char const*)
 .text._ZN5Print5printEPKc
                0x00080adc        0x8 C:\Users\dlenardon\AppData\Local\Temp\VMBuilds\loopbackSAM2\arduino_due_x\Debug/core.a(Print.cpp.o)
                0x00080adc                Print::print(char const*)
 .text.initiateReset
                0x00080ae4        0xc C:\Users\dlenardon\AppData\Local\Temp\VMBuilds\loopbackSAM2\arduino_due_x\Debug/core.a(Reset.cpp.o)
                0x00080ae4                initiateReset
 .text.cancelReset
                0x00080af0       0x10 C:\Users\dlenardon\AppData\Local\Temp\VMBuilds\loopbackSAM2\arduino_due_x\Debug/core.a(Reset.cpp.o)
                0x00080af0                cancelReset
 .text.tickReset
                0x00080b00       0x20 C:\Users\dlenardon\AppData\Local\Temp\VMBuilds\loopbackSAM2\arduino_due_x\Debug/core.a(Reset.cpp.o)
                0x00080b00                tickReset
 .text._ZN10RingBufferC2Ev
                0x00080b20       0x1a C:\Users\dlenardon\AppData\Local\Temp\VMBuilds\loopbackSAM2\arduino_due_x\Debug/core.a(RingBuffer.cpp.o)
                0x00080b20                RingBuffer::RingBuffer()
                0x00080b20                RingBuffer::RingBuffer()
 .text._ZN10RingBuffer10store_charEh
                0x00080b3a       0x1e C:\Users\dlenardon\AppData\Local\Temp\VMBuilds\loopbackSAM2\arduino_due_x\Debug/core.a(RingBuffer.cpp.o)
                0x00080b3a                RingBuffer::store_char(unsigned char)
 .text._ZN9UARTClasscvbEv
                0x00080b58        0x4 C:\Users\dlenardon\AppData\Local\Temp\VMBuilds\loopbackSAM2\arduino_due_x\Debug/core.a(UARTClass.cpp.o)
                0x00080b58                UARTClass::operator bool()
 .text._ZN9UARTClass9availableEv
                0x00080b5c       0x12 C:\Users\dlenardon\AppData\Local\Temp\VMBuilds\loopbackSAM2\arduino_due_x\Debug/core.a(UARTClass.cpp.o)
                0x00080b5c                UARTClass::available()
 .text._ZN9UARTClass4peekEv
                0x00080b6e       0x1c C:\Users\dlenardon\AppData\Local\Temp\VMBuilds\loopbackSAM2\arduino_due_x\Debug/core.a(UARTClass.cpp.o)
                0x00080b6e                UARTClass::peek()
 .text._ZN9UARTClass4readEv
                0x00080b8a       0x2a C:\Users\dlenardon\AppData\Local\Temp\VMBuilds\loopbackSAM2\arduino_due_x\Debug/core.a(UARTClass.cpp.o)
                0x00080b8a                UARTClass::read()
 .text._ZN9UARTClass5flushEv
                0x00080bb4       0x18 C:\Users\dlenardon\AppData\Local\Temp\VMBuilds\loopbackSAM2\arduino_due_x\Debug/core.a(UARTClass.cpp.o)
                0x00080bb4                UARTClass::flush()
 .text._ZN9UARTClass5writeEh
                0x00080bcc       0x54 C:\Users\dlenardon\AppData\Local\Temp\VMBuilds\loopbackSAM2\arduino_due_x\Debug/core.a(UARTClass.cpp.o)
                0x00080bcc                UARTClass::write(unsigned char)
 .text._ZN9UARTClass3endEv
                0x00080c20       0x3c C:\Users\dlenardon\AppData\Local\Temp\VMBuilds\loopbackSAM2\arduino_due_x\Debug/core.a(UARTClass.cpp.o)
                0x00080c20                UARTClass::end()
 .text._ZN9UARTClassC2EP4Uart4IRQnmP10RingBufferS4_
                0x00080c5c       0x24 C:\Users\dlenardon\AppData\Local\Temp\VMBuilds\loopbackSAM2\arduino_due_x\Debug/core.a(UARTClass.cpp.o)
                0x00080c5c                UARTClass::UARTClass(Uart*, IRQn, unsigned long, RingBuffer*, RingBuffer*)
                0x00080c5c                UARTClass::UARTClass(Uart*, IRQn, unsigned long, RingBuffer*, RingBuffer*)
 .text._ZN9UARTClass4initEmm
                0x00080c80       0x70 C:\Users\dlenardon\AppData\Local\Temp\VMBuilds\loopbackSAM2\arduino_due_x\Debug/core.a(UARTClass.cpp.o)
                0x00080c80                UARTClass::init(unsigned long, unsigned long)
 .text._ZN9UARTClass5beginEm
                0x00080cf0        0x8 C:\Users\dlenardon\AppData\Local\Temp\VMBuilds\loopbackSAM2\arduino_due_x\Debug/core.a(UARTClass.cpp.o)
                0x00080cf0                UARTClass::begin(unsigned long)
 .text._ZN9UARTClass10IrqHandlerEv
                0x00080cf8       0x5a C:\Users\dlenardon\AppData\Local\Temp\VMBuilds\loopbackSAM2\arduino_due_x\Debug/core.a(UARTClass.cpp.o)
                0x00080cf8                UARTClass::IrqHandler()
 .text._ZN10USARTClass5beginEm
                0x00080d52        0x8 C:\Users\dlenardon\AppData\Local\Temp\VMBuilds\loopbackSAM2\arduino_due_x\Debug/core.a(USARTClass.cpp.o)
                0x00080d52                USARTClass::begin(unsigned long)
 *fill*         0x00080d5a        0x2 
 .text._ZN10USARTClassC2EP5Usart4IRQnmP10RingBufferS4_
                0x00080d5c       0x24 C:\Users\dlenardon\AppData\Local\Temp\VMBuilds\loopbackSAM2\arduino_due_x\Debug/core.a(USARTClass.cpp.o)
                0x00080d5c                USARTClass::USARTClass(Usart*, IRQn, unsigned long, RingBuffer*, RingBuffer*)
                0x00080d5c                USARTClass::USARTClass(Usart*, IRQn, unsigned long, RingBuffer*, RingBuffer*)
 .text._watchdogDefaultSetup
                0x00080d80        0xc C:\Users\dlenardon\AppData\Local\Temp\VMBuilds\loopbackSAM2\arduino_due_x\Debug/core.a(watchdog.cpp.o)
                0x00080d80                _watchdogDefaultSetup
                0x00080d80                watchdogSetup()
 .text._ZN7Serial_9availableEv
                0x00080d8c       0x18 C:\Users\dlenardon\AppData\Local\Temp\VMBuilds\loopbackSAM2\arduino_due_x\Debug/core.a(CDC.cpp.o)
                0x00080d8c                Serial_::available()
 .text._ZN7Serial_17availableForWriteEv
                0x00080da4        0x6 C:\Users\dlenardon\AppData\Local\Temp\VMBuilds\loopbackSAM2\arduino_due_x\Debug/core.a(CDC.cpp.o)
                0x00080da4                Serial_::availableForWrite()
 *fill*         0x00080daa        0x2 
 .text._ZN7Serial_4peekEv
                0x00080dac       0x20 C:\Users\dlenardon\AppData\Local\Temp\VMBuilds\loopbackSAM2\arduino_due_x\Debug/core.a(CDC.cpp.o)
                0x00080dac                Serial_::peek()
 .text._ZN7Serial_5writeEh
                0x00080dcc       0x16 C:\Users\dlenardon\AppData\Local\Temp\VMBuilds\loopbackSAM2\arduino_due_x\Debug/core.a(CDC.cpp.o)
                0x00080dcc                Serial_::write(unsigned char)
 *fill*         0x00080de2        0x2 
 .text._ZN7Serial_4readEv
                0x00080de4       0x44 C:\Users\dlenardon\AppData\Local\Temp\VMBuilds\loopbackSAM2\arduino_due_x\Debug/core.a(CDC.cpp.o)
                0x00080de4                Serial_::read()
 .text._ZN7Serial_5flushEv
                0x00080e28        0x6 C:\Users\dlenardon\AppData\Local\Temp\VMBuilds\loopbackSAM2\arduino_due_x\Debug/core.a(CDC.cpp.o)
                0x00080e28                Serial_::flush()
 *fill*         0x00080e2e        0x2 
 .text._ZN7Serial_6acceptEv
                0x00080e30       0x70 C:\Users\dlenardon\AppData\Local\Temp\VMBuilds\loopbackSAM2\arduino_due_x\Debug/core.a(CDC.cpp.o)
                0x00080e30                Serial_::accept()
 .text._ZN7Serial_5writeEPKhj
                0x00080ea0       0x2c C:\Users\dlenardon\AppData\Local\Temp\VMBuilds\loopbackSAM2\arduino_due_x\Debug/core.a(CDC.cpp.o)
                0x00080ea0                Serial_::write(unsigned char const*, unsigned int)
 .text._Z16CDC_GetInterfacePh
                0x00080ecc       0x14 C:\Users\dlenardon\AppData\Local\Temp\VMBuilds\loopbackSAM2\arduino_due_x\Debug/core.a(CDC.cpp.o)
                0x00080ecc                CDC_GetInterface(unsigned char*)
 .text._Z21CDC_GetOtherInterfacePh
                0x00080ee0       0x14 C:\Users\dlenardon\AppData\Local\Temp\VMBuilds\loopbackSAM2\arduino_due_x\Debug/core.a(CDC.cpp.o)
                0x00080ee0                CDC_GetOtherInterface(unsigned char*)
 .text._Z9CDC_SetupR8USBSetup
                0x00080ef4       0x78 C:\Users\dlenardon\AppData\Local\Temp\VMBuilds\loopbackSAM2\arduino_due_x\Debug/core.a(CDC.cpp.o)
                0x00080ef4                CDC_Setup(USBSetup&)
 .text._ZN7Serial_5beginEm
                0x00080f6c        0x2 C:\Users\dlenardon\AppData\Local\Temp\VMBuilds\loopbackSAM2\arduino_due_x\Debug/core.a(CDC.cpp.o)
                0x00080f6c                Serial_::begin(unsigned long)
 *fill*         0x00080f6e        0x2 
 .text.startup._GLOBAL__sub_I_cdc_rx_buffer
                0x00080f70       0x1c C:\Users\dlenardon\AppData\Local\Temp\VMBuilds\loopbackSAM2\arduino_due_x\Debug/core.a(CDC.cpp.o)
 .text.unlikely._ZL11USB_SendZlpv
                0x00080f8c       0x20 C:\Users\dlenardon\AppData\Local\Temp\VMBuilds\loopbackSAM2\arduino_due_x\Debug/core.a(USBCore.cpp.o)
 .text._Z14USBD_Availablem
                0x00080fac       0x2c C:\Users\dlenardon\AppData\Local\Temp\VMBuilds\loopbackSAM2\arduino_due_x\Debug/core.a(USBCore.cpp.o)
                0x00080fac                USBD_Available(unsigned long)
 .text._Z9USBD_RecvmPvm
                0x00080fd8       0x7c C:\Users\dlenardon\AppData\Local\Temp\VMBuilds\loopbackSAM2\arduino_due_x\Debug/core.a(USBCore.cpp.o)
                0x00080fd8                USBD_Recv(unsigned long, void*, unsigned long)
 .text._Z9USBD_Recvm
                0x00081054       0x22 C:\Users\dlenardon\AppData\Local\Temp\VMBuilds\loopbackSAM2\arduino_due_x\Debug/core.a(USBCore.cpp.o)
                0x00081054                USBD_Recv(unsigned long)
 *fill*         0x00081076        0x2 
 .text._Z9USBD_SendmPKvm
                0x00081078       0x4c C:\Users\dlenardon\AppData\Local\Temp\VMBuilds\loopbackSAM2\arduino_due_x\Debug/core.a(USBCore.cpp.o)
                0x00081078                USBD_Send(unsigned long, void const*, unsigned long)
 .text._Z16USBD_SendControlhPKvm
                0x000810c4       0x40 C:\Users\dlenardon\AppData\Local\Temp\VMBuilds\loopbackSAM2\arduino_due_x\Debug/core.a(USBCore.cpp.o)
                0x000810c4                USBD_SendControl(unsigned char, void const*, unsigned long)
 .text.unlikely._ZL24USB_SendStringDescriptorPKhi
                0x00081104       0x64 C:\Users\dlenardon\AppData\Local\Temp\VMBuilds\loopbackSAM2\arduino_due_x\Debug/core.a(USBCore.cpp.o)
 .text._Z16USBD_RecvControlPvm
                0x00081168       0x1c C:\Users\dlenardon\AppData\Local\Temp\VMBuilds\loopbackSAM2\arduino_due_x\Debug/core.a(USBCore.cpp.o)
                0x00081168                USBD_RecvControl(void*, unsigned long)
 .text._Z26USBD_ClassInterfaceRequestR8USBSetup
                0x00081184       0x1e C:\Users\dlenardon\AppData\Local\Temp\VMBuilds\loopbackSAM2\arduino_due_x\Debug/core.a(USBCore.cpp.o)
                0x00081184                USBD_ClassInterfaceRequest(USBSetup&)
 .text._Z19USBD_SendInterfacesv
                0x000811a2       0x22 C:\Users\dlenardon\AppData\Local\Temp\VMBuilds\loopbackSAM2\arduino_due_x\Debug/core.a(USBCore.cpp.o)
                0x000811a2                USBD_SendInterfaces()
 .text._Z24USBD_SendOtherInterfacesv
                0x000811c4       0x22 C:\Users\dlenardon\AppData\Local\Temp\VMBuilds\loopbackSAM2\arduino_due_x\Debug/core.a(USBCore.cpp.o)
                0x000811c4                USBD_SendOtherInterfaces()
 .text._Z10USBD_Flushm
                0x000811e6       0x16 C:\Users\dlenardon\AppData\Local\Temp\VMBuilds\loopbackSAM2\arduino_due_x\Debug/core.a(USBCore.cpp.o)
                0x000811e6                USBD_Flush(unsigned long)
 .text._ZN10USBDevice_C2Ev
                0x000811fc       0x24 C:\Users\dlenardon\AppData\Local\Temp\VMBuilds\loopbackSAM2\arduino_due_x\Debug/core.a(USBCore.cpp.o)
                0x000811fc                USBDevice_::USBDevice_()
                0x000811fc                USBDevice_::USBDevice_()
 .text._ZN10USBDevice_6attachEv
                0x00081220       0x20 C:\Users\dlenardon\AppData\Local\Temp\VMBuilds\loopbackSAM2\arduino_due_x\Debug/core.a(USBCore.cpp.o)
                0x00081220                USBDevice_::attach()
 .text.startup._GLOBAL__sub_I_EndPoints
                0x00081240        0xc C:\Users\dlenardon\AppData\Local\Temp\VMBuilds\loopbackSAM2\arduino_due_x\Debug/core.a(USBCore.cpp.o)
 .text._ZL7USB_ISRv
                0x0008124c      0x454 C:\Users\dlenardon\AppData\Local\Temp\VMBuilds\loopbackSAM2\arduino_due_x\Debug/core.a(USBCore.cpp.o)
 .text._ZN13PluggableUSB_12getInterfaceEPh
                0x000816a0       0x28 C:\Users\dlenardon\AppData\Local\Temp\VMBuilds\loopbackSAM2\arduino_due_x\Debug/core.a(PluggableUSB.cpp.o)
                0x000816a0                PluggableUSB_::getInterface(unsigned char*)
 .text._ZN13PluggableUSB_13getDescriptorER8USBSetup
                0x000816c8       0x1c C:\Users\dlenardon\AppData\Local\Temp\VMBuilds\loopbackSAM2\arduino_due_x\Debug/core.a(PluggableUSB.cpp.o)
                0x000816c8                PluggableUSB_::getDescriptor(USBSetup&)
 .text._ZN13PluggableUSB_12getShortNameEPc
                0x000816e4       0x1c C:\Users\dlenardon\AppData\Local\Temp\VMBuilds\loopbackSAM2\arduino_due_x\Debug/core.a(PluggableUSB.cpp.o)
                0x000816e4                PluggableUSB_::getShortName(char*)
 .text._ZN13PluggableUSB_5setupER8USBSetup
                0x00081700       0x20 C:\Users\dlenardon\AppData\Local\Temp\VMBuilds\loopbackSAM2\arduino_due_x\Debug/core.a(PluggableUSB.cpp.o)
                0x00081700                PluggableUSB_::setup(USBSetup&)
 .text._Z12PluggableUSBv
                0x00081720       0x28 C:\Users\dlenardon\AppData\Local\Temp\VMBuilds\loopbackSAM2\arduino_due_x\Debug/core.a(PluggableUSB.cpp.o)
                0x00081720                PluggableUSB()
 .text.TimeTick_Increment
                0x00081748       0x10 C:\Users\dlenardon\AppData\Local\arduino15\packages\arduino\hardware\sam\1.6.11\variants\arduino_due_x/libsam_sam3x8e_gcc_rel.a(timetick.o)
                0x00081748                TimeTick_Increment
 .text.GetTickCount
                0x00081758        0xc C:\Users\dlenardon\AppData\Local\arduino15\packages\arduino\hardware\sam\1.6.11\variants\arduino_due_x/libsam_sam3x8e_gcc_rel.a(timetick.o)
                0x00081758                GetTickCount
 .text.WDT_Disable
                0x00081764        0x8 C:\Users\dlenardon\AppData\Local\arduino15\packages\arduino\hardware\sam\1.6.11\variants\arduino_due_x/libsam_sam3x8e_gcc_rel.a(wdt.o)
                0x00081764                WDT_Disable
 .text.UDD_SetStack
                0x0008176c        0xc C:\Users\dlenardon\AppData\Local\arduino15\packages\arduino\hardware\sam\1.6.11\variants\arduino_due_x/libsam_sam3x8e_gcc_rel.a(uotghs_device.o)
                0x0008176c                UDD_SetStack
 .text.UDD_Init
                0x00081778       0xd0 C:\Users\dlenardon\AppData\Local\arduino15\packages\arduino\hardware\sam\1.6.11\variants\arduino_due_x/libsam_sam3x8e_gcc_rel.a(uotghs_device.o)
                0x00081778                UDD_Init
 .text.UDD_Attach
                0x00081848       0x50 C:\Users\dlenardon\AppData\Local\arduino15\packages\arduino\hardware\sam\1.6.11\variants\arduino_due_x/libsam_sam3x8e_gcc_rel.a(uotghs_device.o)
                0x00081848                UDD_Attach
 .text.UDD_InitEP
                0x00081898       0x2c C:\Users\dlenardon\AppData\Local\arduino15\packages\arduino\hardware\sam\1.6.11\variants\arduino_due_x/libsam_sam3x8e_gcc_rel.a(uotghs_device.o)
                0x00081898                UDD_InitEP
 .text.UDD_InitEndpoints
                0x000818c4       0x3c C:\Users\dlenardon\AppData\Local\arduino15\packages\arduino\hardware\sam\1.6.11\variants\arduino_due_x/libsam_sam3x8e_gcc_rel.a(uotghs_device.o)
                0x000818c4                UDD_InitEndpoints
 .text.UDD_WaitIN
                0x00081900       0x10 C:\Users\dlenardon\AppData\Local\arduino15\packages\arduino\hardware\sam\1.6.11\variants\arduino_due_x/libsam_sam3x8e_gcc_rel.a(uotghs_device.o)
                0x00081900                UDD_WaitIN
 .text.UDD_WaitOUT
                0x00081910       0x10 C:\Users\dlenardon\AppData\Local\arduino15\packages\arduino\hardware\sam\1.6.11\variants\arduino_due_x/libsam_sam3x8e_gcc_rel.a(uotghs_device.o)
                0x00081910                UDD_WaitOUT
 .text.UDD_ClearIN
                0x00081920       0x18 C:\Users\dlenardon\AppData\Local\arduino15\packages\arduino\hardware\sam\1.6.11\variants\arduino_due_x/libsam_sam3x8e_gcc_rel.a(uotghs_device.o)
                0x00081920                UDD_ClearIN
 .text.UDD_ClearOUT
                0x00081938       0x18 C:\Users\dlenardon\AppData\Local\arduino15\packages\arduino\hardware\sam\1.6.11\variants\arduino_due_x/libsam_sam3x8e_gcc_rel.a(uotghs_device.o)
                0x00081938                UDD_ClearOUT
 .text.UDD_ReceivedSetupInt
                0x00081950       0x10 C:\Users\dlenardon\AppData\Local\arduino15\packages\arduino\hardware\sam\1.6.11\variants\arduino_due_x/libsam_sam3x8e_gcc_rel.a(uotghs_device.o)
                0x00081950                UDD_ReceivedSetupInt
 .text.UDD_ClearSetupInt
                0x00081960       0x10 C:\Users\dlenardon\AppData\Local\arduino15\packages\arduino\hardware\sam\1.6.11\variants\arduino_due_x/libsam_sam3x8e_gcc_rel.a(uotghs_device.o)
                0x00081960                UDD_ClearSetupInt
 .text.UDD_Send
                0x00081970       0x88 C:\Users\dlenardon\AppData\Local\arduino15\packages\arduino\hardware\sam\1.6.11\variants\arduino_due_x/libsam_sam3x8e_gcc_rel.a(uotghs_device.o)
                0x00081970                UDD_Send
 .text.UDD_Send8
                0x000819f8       0x24 C:\Users\dlenardon\AppData\Local\arduino15\packages\arduino\hardware\sam\1.6.11\variants\arduino_due_x/libsam_sam3x8e_gcc_rel.a(uotghs_device.o)
                0x000819f8                UDD_Send8
 .text.UDD_Recv8
                0x00081a1c       0x28 C:\Users\dlenardon\AppData\Local\arduino15\packages\arduino\hardware\sam\1.6.11\variants\arduino_due_x/libsam_sam3x8e_gcc_rel.a(uotghs_device.o)
                0x00081a1c                UDD_Recv8
 .text.UDD_Recv
                0x00081a44       0x34 C:\Users\dlenardon\AppData\Local\arduino15\packages\arduino\hardware\sam\1.6.11\variants\arduino_due_x/libsam_sam3x8e_gcc_rel.a(uotghs_device.o)
                0x00081a44                UDD_Recv
 .text.UDD_Stall
                0x00081a78       0x14 C:\Users\dlenardon\AppData\Local\arduino15\packages\arduino\hardware\sam\1.6.11\variants\arduino_due_x/libsam_sam3x8e_gcc_rel.a(uotghs_device.o)
                0x00081a78                UDD_Stall
 .text.UDD_FifoByteCount
                0x00081a8c       0x14 C:\Users\dlenardon\AppData\Local\arduino15\packages\arduino\hardware\sam\1.6.11\variants\arduino_due_x/libsam_sam3x8e_gcc_rel.a(uotghs_device.o)
                0x00081a8c                UDD_FifoByteCount
 .text.UDD_ReleaseRX
                0x00081aa0       0x28 C:\Users\dlenardon\AppData\Local\arduino15\packages\arduino\hardware\sam\1.6.11\variants\arduino_due_x/libsam_sam3x8e_gcc_rel.a(uotghs_device.o)
                0x00081aa0                UDD_ReleaseRX
 .text.UDD_ReleaseTX
                0x00081ac8       0x28 C:\Users\dlenardon\AppData\Local\arduino15\packages\arduino\hardware\sam\1.6.11\variants\arduino_due_x/libsam_sam3x8e_gcc_rel.a(uotghs_device.o)
                0x00081ac8                UDD_ReleaseTX
 .text.UDD_SetAddress
                0x00081af0       0x20 C:\Users\dlenardon\AppData\Local\arduino15\packages\arduino\hardware\sam\1.6.11\variants\arduino_due_x/libsam_sam3x8e_gcc_rel.a(uotghs_device.o)
                0x00081af0                UDD_SetAddress
 .text.__fpclassifyd
                0x00081b10       0x50 c:/users/dlenardon/appdata/local/arduino15/packages/arduino/tools/arm-none-eabi-gcc/4.8.3-2014q1/bin/../lib/gcc/arm-none-eabi/4.8.3/../../../../arm-none-eabi/lib/armv7-m\libm.a(lib_a-s_fpclassify.o)
                0x00081b10                __fpclassifyd
 .text          0x00081b60      0x370 c:/users/dlenardon/appdata/local/arduino15/packages/arduino/tools/arm-none-eabi-gcc/4.8.3-2014q1/bin/../lib/gcc/arm-none-eabi/4.8.3/armv7-m\libgcc.a(_arm_addsubdf3.o)
                0x00081b60                __aeabi_drsub
                0x00081b68                __aeabi_dsub
                0x00081b68                __subdf3
                0x00081b6c                __aeabi_dadd
                0x00081b6c                __adddf3
                0x00081de4                __floatunsidf
                0x00081de4                __aeabi_ui2d
                0x00081e04                __floatsidf
                0x00081e04                __aeabi_i2d
                0x00081e28                __aeabi_f2d
                0x00081e28                __extendsfdf2
                0x00081e64                __floatundidf
                0x00081e64                __aeabi_ul2d
                0x00081e74                __floatdidf
                0x00081e74                __aeabi_l2d
 .text          0x00081ed0      0x424 c:/users/dlenardon/appdata/local/arduino15/packages/arduino/tools/arm-none-eabi-gcc/4.8.3-2014q1/bin/../lib/gcc/arm-none-eabi/4.8.3/armv7-m\libgcc.a(_arm_muldivdf3.o)
                0x00081ed0                __aeabi_dmul
                0x00081ed0                __muldf3
                0x00082124                __divdf3
                0x00082124                __aeabi_ddiv
 .text          0x000822f4      0x110 c:/users/dlenardon/appdata/local/arduino15/packages/arduino/tools/arm-none-eabi-gcc/4.8.3-2014q1/bin/../lib/gcc/arm-none-eabi/4.8.3/armv7-m\libgcc.a(_arm_cmpdf2.o)
                0x000822f4                __gtdf2
                0x000822f4                __gedf2
                0x000822fc                __ltdf2
                0x000822fc                __ledf2
                0x00082304                __nedf2
                0x00082304                __eqdf2
                0x00082304                __cmpdf2
                0x00082380                __aeabi_cdrcmple
                0x00082390                __aeabi_cdcmpeq
                0x00082390                __aeabi_cdcmple
                0x000823a0                __aeabi_dcmpeq
                0x000823b4                __aeabi_dcmplt
                0x000823c8                __aeabi_dcmple
                0x000823dc                __aeabi_dcmpge
                0x000823f0                __aeabi_dcmpgt
 .text.__libc_init_array
                0x00082404       0x50 c:/users/dlenardon/appdata/local/arduino15/packages/arduino/tools/arm-none-eabi-gcc/4.8.3-2014q1/bin/../lib/gcc/arm-none-eabi/4.8.3/../../../../arm-none-eabi/lib/armv7-m\libg.a(lib_a-init.o)
                0x00082404                __libc_init_array
 .text.iprintf  0x00082454       0x28 c:/users/dlenardon/appdata/local/arduino15/packages/arduino/tools/arm-none-eabi-gcc/4.8.3-2014q1/bin/../lib/gcc/arm-none-eabi/4.8.3/../../../../arm-none-eabi/lib/armv7-m\libg.a(lib_a-iprintf.o)
                0x00082454                iprintf
 .text.memset   0x0008247c       0x94 c:/users/dlenardon/appdata/local/arduino15/packages/arduino/tools/arm-none-eabi-gcc/4.8.3-2014q1/bin/../lib/gcc/arm-none-eabi/4.8.3/../../../../arm-none-eabi/lib/armv7-m\libg.a(lib_a-memset.o)
                0x0008247c                memset
 .text.strlen   0x00082510       0x60 c:/users/dlenardon/appdata/local/arduino15/packages/arduino/tools/arm-none-eabi-gcc/4.8.3-2014q1/bin/../lib/gcc/arm-none-eabi/4.8.3/../../../../arm-none-eabi/lib/armv7-m\libg.a(lib_a-strlen.o)
                0x00082510                strlen
 .text.kill     0x00082570       0x10 c:/users/dlenardon/appdata/local/arduino15/packages/arduino/tools/arm-none-eabi-gcc/4.8.3-2014q1/bin/../lib/gcc/arm-none-eabi/4.8.3/../../../../arm-none-eabi/lib/armv7-m\libg.a(lib_a-syskill.o)
                0x00082570                kill
 .text.__sprint_r.part.0
                0x00082580       0x78 c:/users/dlenardon/appdata/local/arduino15/packages/arduino/tools/arm-none-eabi-gcc/4.8.3-2014q1/bin/../lib/gcc/arm-none-eabi/4.8.3/../../../../arm-none-eabi/lib/armv7-m\libg.a(lib_a-vfiprintf.o)
 .text._vfiprintf_r
                0x000825f8      0xc54 c:/users/dlenardon/appdata/local/arduino15/packages/arduino/tools/arm-none-eabi-gcc/4.8.3-2014q1/bin/../lib/gcc/arm-none-eabi/4.8.3/../../../../arm-none-eabi/lib/armv7-m\libg.a(lib_a-vfiprintf.o)
                0x000825f8                _vfiprintf_r
 .text.__sbprintf
                0x0008324c       0x7c c:/users/dlenardon/appdata/local/arduino15/packages/arduino/tools/arm-none-eabi-gcc/4.8.3-2014q1/bin/../lib/gcc/arm-none-eabi/4.8.3/../../../../arm-none-eabi/lib/armv7-m\libg.a(lib_a-vfiprintf.o)
 .text._vsnprintf_r
                0x000832c8       0x54 c:/users/dlenardon/appdata/local/arduino15/packages/arduino/tools/arm-none-eabi-gcc/4.8.3-2014q1/bin/../lib/gcc/arm-none-eabi/4.8.3/../../../../arm-none-eabi/lib/armv7-m\libg.a(lib_a-vsnprintf.o)
                0x000832c8                _vsnprintf_r
 .text.vsnprintf
                0x0008331c       0x24 c:/users/dlenardon/appdata/local/arduino15/packages/arduino/tools/arm-none-eabi-gcc/4.8.3-2014q1/bin/../lib/gcc/arm-none-eabi/4.8.3/../../../../arm-none-eabi/lib/armv7-m\libg.a(lib_a-vsnprintf.o)
                0x0008331c                vsnprintf
 .text.__swsetup_r
                0x00083340       0xc4 c:/users/dlenardon/appdata/local/arduino15/packages/arduino/tools/arm-none-eabi-gcc/4.8.3-2014q1/bin/../lib/gcc/arm-none-eabi/4.8.3/../../../../arm-none-eabi/lib/armv7-m\libg.a(lib_a-wsetup.o)
                0x00083340                __swsetup_r
 .text.startup.register_fini
                0x00083404       0x14 c:/users/dlenardon/appdata/local/arduino15/packages/arduino/tools/arm-none-eabi-gcc/4.8.3-2014q1/bin/../lib/gcc/arm-none-eabi/4.8.3/../../../../arm-none-eabi/lib/armv7-m\libg.a(lib_a-__call_atexit.o)
 .text.atexit   0x00083418        0xc c:/users/dlenardon/appdata/local/arduino15/packages/arduino/tools/arm-none-eabi-gcc/4.8.3-2014q1/bin/../lib/gcc/arm-none-eabi/4.8.3/../../../../arm-none-eabi/lib/armv7-m\libg.a(lib_a-atexit.o)
                0x00083418                atexit
 .text.__sflush_r
                0x00083424      0x148 c:/users/dlenardon/appdata/local/arduino15/packages/arduino/tools/arm-none-eabi-gcc/4.8.3-2014q1/bin/../lib/gcc/arm-none-eabi/4.8.3/../../../../arm-none-eabi/lib/armv7-m\libg.a(lib_a-fflush.o)
                0x00083424                __sflush_r
 .text._fflush_r
                0x0008356c       0x2c c:/users/dlenardon/appdata/local/arduino15/packages/arduino/tools/arm-none-eabi-gcc/4.8.3-2014q1/bin/../lib/gcc/arm-none-eabi/4.8.3/../../../../arm-none-eabi/lib/armv7-m\libg.a(lib_a-fflush.o)
                0x0008356c                _fflush_r
 .text._cleanup_r
                0x00083598        0xc c:/users/dlenardon/appdata/local/arduino15/packages/arduino/tools/arm-none-eabi-gcc/4.8.3-2014q1/bin/../lib/gcc/arm-none-eabi/4.8.3/../../../../arm-none-eabi/lib/armv7-m\libg.a(lib_a-findfp.o)
                0x00083598                _cleanup_r
 .text.__sinit  0x000835a4       0xf4 c:/users/dlenardon/appdata/local/arduino15/packages/arduino/tools/arm-none-eabi-gcc/4.8.3-2014q1/bin/../lib/gcc/arm-none-eabi/4.8.3/../../../../arm-none-eabi/lib/armv7-m\libg.a(lib_a-findfp.o)
                0x000835a4                __sinit
 .text.__sfp_lock_acquire
                0x00083698        0x4 c:/users/dlenardon/appdata/local/arduino15/packages/arduino/tools/arm-none-eabi-gcc/4.8.3-2014q1/bin/../lib/gcc/arm-none-eabi/4.8.3/../../../../arm-none-eabi/lib/armv7-m\libg.a(lib_a-findfp.o)
                0x00083698                __sfp_lock_acquire
 .text.__sfp_lock_release
                0x0008369c        0x4 c:/users/dlenardon/appdata/local/arduino15/packages/arduino/tools/arm-none-eabi-gcc/4.8.3-2014q1/bin/../lib/gcc/arm-none-eabi/4.8.3/../../../../arm-none-eabi/lib/armv7-m\libg.a(lib_a-findfp.o)
                0x0008369c                __sfp_lock_release
 .text.__libc_fini_array
                0x000836a0       0x30 c:/users/dlenardon/appdata/local/arduino15/packages/arduino/tools/arm-none-eabi-gcc/4.8.3-2014q1/bin/../lib/gcc/arm-none-eabi/4.8.3/../../../../arm-none-eabi/lib/armv7-m\libg.a(lib_a-fini.o)
                0x000836a0                __libc_fini_array
 .text._fputwc_r
                0x000836d0       0xc0 c:/users/dlenardon/appdata/local/arduino15/packages/arduino/tools/arm-none-eabi-gcc/4.8.3-2014q1/bin/../lib/gcc/arm-none-eabi/4.8.3/../../../../arm-none-eabi/lib/armv7-m\libg.a(lib_a-fputwc.o)
                0x000836d0                _fputwc_r
 .text._malloc_trim_r
                0x00083790       0x9c c:/users/dlenardon/appdata/local/arduino15/packages/arduino/tools/arm-none-eabi-gcc/4.8.3-2014q1/bin/../lib/gcc/arm-none-eabi/4.8.3/../../../../arm-none-eabi/lib/armv7-m\libg.a(lib_a-freer.o)
                0x00083790                _malloc_trim_r
 .text._free_r  0x0008382c      0x198 c:/users/dlenardon/appdata/local/arduino15/packages/arduino/tools/arm-none-eabi-gcc/4.8.3-2014q1/bin/../lib/gcc/arm-none-eabi/4.8.3/../../../../arm-none-eabi/lib/armv7-m\libg.a(lib_a-freer.o)
                0x0008382c                _free_r
 .text.__sfvwrite_r
                0x000839c4      0x314 c:/users/dlenardon/appdata/local/arduino15/packages/arduino/tools/arm-none-eabi-gcc/4.8.3-2014q1/bin/../lib/gcc/arm-none-eabi/4.8.3/../../../../arm-none-eabi/lib/armv7-m\libg.a(lib_a-fvwrite.o)
                0x000839c4                __sfvwrite_r
 .text._fwalk   0x00083cd8       0x48 c:/users/dlenardon/appdata/local/arduino15/packages/arduino/tools/arm-none-eabi-gcc/4.8.3-2014q1/bin/../lib/gcc/arm-none-eabi/4.8.3/../../../../arm-none-eabi/lib/armv7-m\libg.a(lib_a-fwalk.o)
                0x00083cd8                _fwalk
 .text.__locale_charset
                0x00083d20        0x8 c:/users/dlenardon/appdata/local/arduino15/packages/arduino/tools/arm-none-eabi-gcc/4.8.3-2014q1/bin/../lib/gcc/arm-none-eabi/4.8.3/../../../../arm-none-eabi/lib/armv7-m\libg.a(lib_a-locale.o)
                0x00083d20                __locale_charset
 .text.__locale_mb_cur_max
                0x00083d28        0xc c:/users/dlenardon/appdata/local/arduino15/packages/arduino/tools/arm-none-eabi-gcc/4.8.3-2014q1/bin/../lib/gcc/arm-none-eabi/4.8.3/../../../../arm-none-eabi/lib/armv7-m\libg.a(lib_a-locale.o)
                0x00083d28                __locale_mb_cur_max
 .text._localeconv_r
                0x00083d34        0x8 c:/users/dlenardon/appdata/local/arduino15/packages/arduino/tools/arm-none-eabi-gcc/4.8.3-2014q1/bin/../lib/gcc/arm-none-eabi/4.8.3/../../../../arm-none-eabi/lib/armv7-m\libg.a(lib_a-locale.o)
                0x00083d34                _localeconv_r
 .text.__smakebuf_r
                0x00083d3c       0xe0 c:/users/dlenardon/appdata/local/arduino15/packages/arduino/tools/arm-none-eabi-gcc/4.8.3-2014q1/bin/../lib/gcc/arm-none-eabi/4.8.3/../../../../arm-none-eabi/lib/armv7-m\libg.a(lib_a-makebuf.o)
                0x00083d3c                __smakebuf_r
 .text._malloc_r
                0x00083e1c      0x538 c:/users/dlenardon/appdata/local/arduino15/packages/arduino/tools/arm-none-eabi-gcc/4.8.3-2014q1/bin/../lib/gcc/arm-none-eabi/4.8.3/../../../../arm-none-eabi/lib/armv7-m\libg.a(lib_a-mallocr.o)
                0x00083e1c                _malloc_r
 .text.memchr   0x00084354       0x94 c:/users/dlenardon/appdata/local/arduino15/packages/arduino/tools/arm-none-eabi-gcc/4.8.3-2014q1/bin/../lib/gcc/arm-none-eabi/4.8.3/../../../../arm-none-eabi/lib/armv7-m\libg.a(lib_a-memchr-stub.o)
                0x00084354                memchr
 .text          0x000843e8       0xec c:/users/dlenardon/appdata/local/arduino15/packages/arduino/tools/arm-none-eabi-gcc/4.8.3-2014q1/bin/../lib/gcc/arm-none-eabi/4.8.3/../../../../arm-none-eabi/lib/armv7-m\libg.a(lib_a-memcpy.o)
                0x000843e8                memcpy
 .text.memmove  0x000844d4       0xcc c:/users/dlenardon/appdata/local/arduino15/packages/arduino/tools/arm-none-eabi-gcc/4.8.3-2014q1/bin/../lib/gcc/arm-none-eabi/4.8.3/../../../../arm-none-eabi/lib/armv7-m\libg.a(lib_a-memmove.o)
                0x000844d4                memmove
 .text.__malloc_lock
                0x000845a0        0x4 c:/users/dlenardon/appdata/local/arduino15/packages/arduino/tools/arm-none-eabi-gcc/4.8.3-2014q1/bin/../lib/gcc/arm-none-eabi/4.8.3/../../../../arm-none-eabi/lib/armv7-m\libg.a(lib_a-mlock.o)
                0x000845a0                __malloc_lock
 .text.__malloc_unlock
                0x000845a4        0x4 c:/users/dlenardon/appdata/local/arduino15/packages/arduino/tools/arm-none-eabi-gcc/4.8.3-2014q1/bin/../lib/gcc/arm-none-eabi/4.8.3/../../../../arm-none-eabi/lib/armv7-m\libg.a(lib_a-mlock.o)
                0x000845a4                __malloc_unlock
 .text._realloc_r
                0x000845a8      0x3c0 c:/users/dlenardon/appdata/local/arduino15/packages/arduino/tools/arm-none-eabi-gcc/4.8.3-2014q1/bin/../lib/gcc/arm-none-eabi/4.8.3/../../../../arm-none-eabi/lib/armv7-m\libg.a(lib_a-reallocr.o)
                0x000845a8                _realloc_r
 .text._sbrk_r  0x00084968       0x24 c:/users/dlenardon/appdata/local/arduino15/packages/arduino/tools/arm-none-eabi-gcc/4.8.3-2014q1/bin/../lib/gcc/arm-none-eabi/4.8.3/../../../../arm-none-eabi/lib/armv7-m\libg.a(lib_a-sbrkr.o)
                0x00084968                _sbrk_r
 .text._kill_r  0x0008498c       0x28 c:/users/dlenardon/appdata/local/arduino15/packages/arduino/tools/arm-none-eabi-gcc/4.8.3-2014q1/bin/../lib/gcc/arm-none-eabi/4.8.3/../../../../arm-none-eabi/lib/armv7-m\libg.a(lib_a-signalr.o)
                0x0008498c                _kill_r
 .text.__sread  0x000849b4       0x24 c:/users/dlenardon/appdata/local/arduino15/packages/arduino/tools/arm-none-eabi-gcc/4.8.3-2014q1/bin/../lib/gcc/arm-none-eabi/4.8.3/../../../../arm-none-eabi/lib/armv7-m\libg.a(lib_a-stdio.o)
                0x000849b4                __sread
 .text.__swrite
                0x000849d8       0x38 c:/users/dlenardon/appdata/local/arduino15/packages/arduino/tools/arm-none-eabi-gcc/4.8.3-2014q1/bin/../lib/gcc/arm-none-eabi/4.8.3/../../../../arm-none-eabi/lib/armv7-m\libg.a(lib_a-stdio.o)
                0x000849d8                __swrite
 .text.__sseek  0x00084a10       0x20 c:/users/dlenardon/appdata/local/arduino15/packages/arduino/tools/arm-none-eabi-gcc/4.8.3-2014q1/bin/../lib/gcc/arm-none-eabi/4.8.3/../../../../arm-none-eabi/lib/armv7-m\libg.a(lib_a-stdio.o)
                0x00084a10                __sseek
 .text.__sclose
                0x00084a30        0x8 c:/users/dlenardon/appdata/local/arduino15/packages/arduino/tools/arm-none-eabi-gcc/4.8.3-2014q1/bin/../lib/gcc/arm-none-eabi/4.8.3/../../../../arm-none-eabi/lib/armv7-m\libg.a(lib_a-stdio.o)
                0x00084a30                __sclose
 .text._svfprintf_r
                0x00084a38     0x14e0 c:/users/dlenardon/appdata/local/arduino15/packages/arduino/tools/arm-none-eabi-gcc/4.8.3-2014q1/bin/../lib/gcc/arm-none-eabi/4.8.3/../../../../arm-none-eabi/lib/armv7-m\libg.a(lib_a-svfprintf.o)
                0x00084a38                _svfprintf_r
 .text.__swbuf_r
                0x00085f18       0xa8 c:/users/dlenardon/appdata/local/arduino15/packages/arduino/tools/arm-none-eabi-gcc/4.8.3-2014q1/bin/../lib/gcc/arm-none-eabi/4.8.3/../../../../arm-none-eabi/lib/armv7-m\libg.a(lib_a-wbuf.o)
                0x00085f18                __swbuf_r
 .text._wcrtomb_r
                0x00085fc0       0x50 c:/users/dlenardon/appdata/local/arduino15/packages/arduino/tools/arm-none-eabi-gcc/4.8.3-2014q1/bin/../lib/gcc/arm-none-eabi/4.8.3/../../../../arm-none-eabi/lib/armv7-m\libg.a(lib_a-wcrtomb.o)
                0x00085fc0                _wcrtomb_r
 .text.__ascii_wctomb
                0x00086010       0x1c c:/users/dlenardon/appdata/local/arduino15/packages/arduino/tools/arm-none-eabi-gcc/4.8.3-2014q1/bin/../lib/gcc/arm-none-eabi/4.8.3/../../../../arm-none-eabi/lib/armv7-m\libg.a(lib_a-wctomb_r.o)
                0x00086010                __ascii_wctomb
 .text._write_r
                0x0008602c       0x28 c:/users/dlenardon/appdata/local/arduino15/packages/arduino/tools/arm-none-eabi-gcc/4.8.3-2014q1/bin/../lib/gcc/arm-none-eabi/4.8.3/../../../../arm-none-eabi/lib/armv7-m\libg.a(lib_a-writer.o)
                0x0008602c                _write_r
 .text.__register_exitproc
                0x00086054       0xa8 c:/users/dlenardon/appdata/local/arduino15/packages/arduino/tools/arm-none-eabi-gcc/4.8.3-2014q1/bin/../lib/gcc/arm-none-eabi/4.8.3/../../../../arm-none-eabi/lib/armv7-m\libg.a(lib_a-__atexit.o)
                0x00086054                __register_exitproc
 .text._close_r
                0x000860fc       0x24 c:/users/dlenardon/appdata/local/arduino15/packages/arduino/tools/arm-none-eabi-gcc/4.8.3-2014q1/bin/../lib/gcc/arm-none-eabi/4.8.3/../../../../arm-none-eabi/lib/armv7-m\libg.a(lib_a-closer.o)
                0x000860fc                _close_r
 .text.quorem   0x00086120      0x134 c:/users/dlenardon/appdata/local/arduino15/packages/arduino/tools/arm-none-eabi-gcc/4.8.3-2014q1/bin/../lib/gcc/arm-none-eabi/4.8.3/../../../../arm-none-eabi/lib/armv7-m\libg.a(lib_a-dtoa.o)
 *fill*         0x00086254        0x4 
 .text._dtoa_r  0x00086258      0xe38 c:/users/dlenardon/appdata/local/arduino15/packages/arduino/tools/arm-none-eabi-gcc/4.8.3-2014q1/bin/../lib/gcc/arm-none-eabi/4.8.3/../../../../arm-none-eabi/lib/armv7-m\libg.a(lib_a-dtoa.o)
                0x00086258                _dtoa_r
 .text._fclose_r
                0x00087090       0x80 c:/users/dlenardon/appdata/local/arduino15/packages/arduino/tools/arm-none-eabi-gcc/4.8.3-2014q1/bin/../lib/gcc/arm-none-eabi/4.8.3/../../../../arm-none-eabi/lib/armv7-m\libg.a(lib_a-fclose.o)
                0x00087090                _fclose_r
 .text.fclose   0x00087110       0x10 c:/users/dlenardon/appdata/local/arduino15/packages/arduino/tools/arm-none-eabi-gcc/4.8.3-2014q1/bin/../lib/gcc/arm-none-eabi/4.8.3/../../../../arm-none-eabi/lib/armv7-m\libg.a(lib_a-fclose.o)
                0x00087110                fclose
 .text._fstat_r
                0x00087120       0x28 c:/users/dlenardon/appdata/local/arduino15/packages/arduino/tools/arm-none-eabi-gcc/4.8.3-2014q1/bin/../lib/gcc/arm-none-eabi/4.8.3/../../../../arm-none-eabi/lib/armv7-m\libg.a(lib_a-fstatr.o)
                0x00087120                _fstat_r
 .text._isatty_r
                0x00087148       0x24 c:/users/dlenardon/appdata/local/arduino15/packages/arduino/tools/arm-none-eabi-gcc/4.8.3-2014q1/bin/../lib/gcc/arm-none-eabi/4.8.3/../../../../arm-none-eabi/lib/armv7-m\libg.a(lib_a-isattyr.o)
                0x00087148                _isatty_r
 .text._lseek_r
                0x0008716c       0x28 c:/users/dlenardon/appdata/local/arduino15/packages/arduino/tools/arm-none-eabi-gcc/4.8.3-2014q1/bin/../lib/gcc/arm-none-eabi/4.8.3/../../../../arm-none-eabi/lib/armv7-m\libg.a(lib_a-lseekr.o)
                0x0008716c                _lseek_r
 .text._Balloc  0x00087194       0x4c c:/users/dlenardon/appdata/local/arduino15/packages/arduino/tools/arm-none-eabi-gcc/4.8.3-2014q1/bin/../lib/gcc/arm-none-eabi/4.8.3/../../../../arm-none-eabi/lib/armv7-m\libg.a(lib_a-mprec.o)
                0x00087194                _Balloc
 .text._Bfree   0x000871e0       0x14 c:/users/dlenardon/appdata/local/arduino15/packages/arduino/tools/arm-none-eabi-gcc/4.8.3-2014q1/bin/../lib/gcc/arm-none-eabi/4.8.3/../../../../arm-none-eabi/lib/armv7-m\libg.a(lib_a-mprec.o)
                0x000871e0                _Bfree
 .text.__multadd
                0x000871f4       0x94 c:/users/dlenardon/appdata/local/arduino15/packages/arduino/tools/arm-none-eabi-gcc/4.8.3-2014q1/bin/../lib/gcc/arm-none-eabi/4.8.3/../../../../arm-none-eabi/lib/armv7-m\libg.a(lib_a-mprec.o)
                0x000871f4                __multadd
 .text.__hi0bits
                0x00087288       0x40 c:/users/dlenardon/appdata/local/arduino15/packages/arduino/tools/arm-none-eabi-gcc/4.8.3-2014q1/bin/../lib/gcc/arm-none-eabi/4.8.3/../../../../arm-none-eabi/lib/armv7-m\libg.a(lib_a-mprec.o)
                0x00087288                __hi0bits
 .text.__lo0bits
                0x000872c8       0x5c c:/users/dlenardon/appdata/local/arduino15/packages/arduino/tools/arm-none-eabi-gcc/4.8.3-2014q1/bin/../lib/gcc/arm-none-eabi/4.8.3/../../../../arm-none-eabi/lib/armv7-m\libg.a(lib_a-mprec.o)
                0x000872c8                __lo0bits
 .text.__i2b    0x00087324       0x14 c:/users/dlenardon/appdata/local/arduino15/packages/arduino/tools/arm-none-eabi-gcc/4.8.3-2014q1/bin/../lib/gcc/arm-none-eabi/4.8.3/../../../../arm-none-eabi/lib/armv7-m\libg.a(lib_a-mprec.o)
                0x00087324                __i2b
 .text.__multiply
                0x00087338      0x13c c:/users/dlenardon/appdata/local/arduino15/packages/arduino/tools/arm-none-eabi-gcc/4.8.3-2014q1/bin/../lib/gcc/arm-none-eabi/4.8.3/../../../../arm-none-eabi/lib/armv7-m\libg.a(lib_a-mprec.o)
                0x00087338                __multiply
 .text.__pow5mult
                0x00087474       0x9c c:/users/dlenardon/appdata/local/arduino15/packages/arduino/tools/arm-none-eabi-gcc/4.8.3-2014q1/bin/../lib/gcc/arm-none-eabi/4.8.3/../../../../arm-none-eabi/lib/armv7-m\libg.a(lib_a-mprec.o)
                0x00087474                __pow5mult
 .text.__lshift
                0x00087510       0xbc c:/users/dlenardon/appdata/local/arduino15/packages/arduino/tools/arm-none-eabi-gcc/4.8.3-2014q1/bin/../lib/gcc/arm-none-eabi/4.8.3/../../../../arm-none-eabi/lib/armv7-m\libg.a(lib_a-mprec.o)
                0x00087510                __lshift
 .text.__mcmp   0x000875cc       0x48 c:/users/dlenardon/appdata/local/arduino15/packages/arduino/tools/arm-none-eabi-gcc/4.8.3-2014q1/bin/../lib/gcc/arm-none-eabi/4.8.3/../../../../arm-none-eabi/lib/armv7-m\libg.a(lib_a-mprec.o)
                0x000875cc                __mcmp
 .text.__mdiff  0x00087614       0xd8 c:/users/dlenardon/appdata/local/arduino15/packages/arduino/tools/arm-none-eabi-gcc/4.8.3-2014q1/bin/../lib/gcc/arm-none-eabi/4.8.3/../../../../arm-none-eabi/lib/armv7-m\libg.a(lib_a-mprec.o)
                0x00087614                __mdiff
 .text.__d2b    0x000876ec       0xbc c:/users/dlenardon/appdata/local/arduino15/packages/arduino/tools/arm-none-eabi-gcc/4.8.3-2014q1/bin/../lib/gcc/arm-none-eabi/4.8.3/../../../../arm-none-eabi/lib/armv7-m\libg.a(lib_a-mprec.o)
                0x000876ec                __d2b
 .text._read_r  0x000877a8       0x28 c:/users/dlenardon/appdata/local/arduino15/packages/arduino/tools/arm-none-eabi-gcc/4.8.3-2014q1/bin/../lib/gcc/arm-none-eabi/4.8.3/../../../../arm-none-eabi/lib/armv7-m\libg.a(lib_a-readr.o)
                0x000877a8                _read_r
 .text.__ssprint_r
                0x000877d0      0x100 c:/users/dlenardon/appdata/local/arduino15/packages/arduino/tools/arm-none-eabi-gcc/4.8.3-2014q1/bin/../lib/gcc/arm-none-eabi/4.8.3/../../../../arm-none-eabi/lib/armv7-m\libg.a(lib_a-svfiprintf.o)
                0x000877d0                __ssprint_r
 .text._calloc_r
                0x000878d0       0x60 c:/users/dlenardon/appdata/local/arduino15/packages/arduino/tools/arm-none-eabi-gcc/4.8.3-2014q1/bin/../lib/gcc/arm-none-eabi/4.8.3/../../../../arm-none-eabi/lib/armv7-m\libg.a(lib_a-callocr.o)
                0x000878d0                _calloc_r
 .text          0x00087930       0x50 c:/users/dlenardon/appdata/local/arduino15/packages/arduino/tools/arm-none-eabi-gcc/4.8.3-2014q1/bin/../lib/gcc/arm-none-eabi/4.8.3/armv7-m\libgcc.a(_arm_fixdfsi.o)
                0x00087930                __aeabi_d2iz
                0x00087930                __fixdfsi
 .text          0x00087980       0x2c c:/users/dlenardon/appdata/local/arduino15/packages/arduino/tools/arm-none-eabi-gcc/4.8.3-2014q1/bin/../lib/gcc/arm-none-eabi/4.8.3/armv7-m\libgcc.a(_aeabi_uldivmod.o)
                0x00087980                __aeabi_uldivmod
 .text          0x000879ac       0x60 c:/users/dlenardon/appdata/local/arduino15/packages/arduino/tools/arm-none-eabi-gcc/4.8.3-2014q1/bin/../lib/gcc/arm-none-eabi/4.8.3/armv7-m\libgcc.a(bpabi.o)
                0x000879ac                __gnu_ldivmod_helper
                0x000879dc                __gnu_uldivmod_helper
 .text          0x00087a0c        0x4 c:/users/dlenardon/appdata/local/arduino15/packages/arduino/tools/arm-none-eabi-gcc/4.8.3-2014q1/bin/../lib/gcc/arm-none-eabi/4.8.3/armv7-m\libgcc.a(_dvmd_tls.o)
                0x00087a0c                __aeabi_idiv0
                0x00087a0c                __aeabi_ldiv0
 .text          0x00087a10      0x2a0 c:/users/dlenardon/appdata/local/arduino15/packages/arduino/tools/arm-none-eabi-gcc/4.8.3-2014q1/bin/../lib/gcc/arm-none-eabi/4.8.3/armv7-m\libgcc.a(_divdi3.o)
                0x00087a10                __divdi3
 .text          0x00087cb0      0x290 c:/users/dlenardon/appdata/local/arduino15/packages/arduino/tools/arm-none-eabi-gcc/4.8.3-2014q1/bin/../lib/gcc/arm-none-eabi/4.8.3/armv7-m\libgcc.a(_udivdi3.o)
                0x00087cb0                __udivdi3
 *(.glue_7t)
 .glue_7t       0x00000000        0x0 linker stubs
 *(.glue_7)
 .glue_7        0x00000000        0x0 linker stubs
 *(.rodata .rodata* .gnu.linkonce.r.*)
 .rodata.str1.1
                0x00087f40       0x48 C:\Users\dlenardon\AppData\Local\Temp\VMBuilds\loopbackSAM2\arduino_due_x\Debug\loopbackSAM2.cpp.o
 .rodata.g_APinDescription
                0x00087f88      0xa2c C:\Users\dlenardon\AppData\Local\Temp\VMBuilds\loopbackSAM2\arduino_due_x\Debug\variant\variant.cpp.o
                0x00087f88                g_APinDescription
 .rodata        0x000889b4       0x40 C:\Users\dlenardon\AppData\Local\arduino15\packages\arduino\hardware\sam\1.6.11\variants\arduino_due_x/libsam_sam3x8e_gcc_rel.a(adc.o)
 .rodata.str1.1
                0x000889f4       0x19 C:\Users\dlenardon\AppData\Local\Temp\VMBuilds\loopbackSAM2\arduino_due_x\Debug/core.a(syscalls_sam3.c.o)
 *fill*         0x00088a0d        0x3 
 .rodata._ZTV9UARTClass
                0x00088a10       0x30 C:\Users\dlenardon\AppData\Local\Temp\VMBuilds\loopbackSAM2\arduino_due_x\Debug/core.a(UARTClass.cpp.o)
                0x00088a10                vtable for UARTClass
 .rodata._ZTV10USARTClass
                0x00088a40       0x30 C:\Users\dlenardon\AppData\Local\Temp\VMBuilds\loopbackSAM2\arduino_due_x\Debug/core.a(USARTClass.cpp.o)
                0x00088a40                vtable for USARTClass
 .rodata._ZTV7Serial_
                0x00088a70       0x28 C:\Users\dlenardon\AppData\Local\Temp\VMBuilds\loopbackSAM2\arduino_due_x\Debug/core.a(CDC.cpp.o)
                0x00088a70                vtable for Serial_
 .rodata._ZL18_cdcOtherInterface
                0x00088a98       0x42 C:\Users\dlenardon\AppData\Local\Temp\VMBuilds\loopbackSAM2\arduino_due_x\Debug/core.a(CDC.cpp.o)
 .rodata._ZL13_cdcInterface
                0x00088ada       0x42 C:\Users\dlenardon\AppData\Local\Temp\VMBuilds\loopbackSAM2\arduino_due_x\Debug/core.a(CDC.cpp.o)
 .rodata.STRING_PRODUCT
                0x00088b1c        0xc C:\Users\dlenardon\AppData\Local\Temp\VMBuilds\loopbackSAM2\arduino_due_x\Debug/core.a(USBCore.cpp.o)
                0x00088b1c                STRING_PRODUCT
 .rodata.USB_DeviceDescriptor
                0x00088b28       0x12 C:\Users\dlenardon\AppData\Local\Temp\VMBuilds\loopbackSAM2\arduino_due_x\Debug/core.a(USBCore.cpp.o)
                0x00088b28                USB_DeviceDescriptor
 .rodata.STRING_LANGUAGE
                0x00088b3a        0x4 C:\Users\dlenardon\AppData\Local\Temp\VMBuilds\loopbackSAM2\arduino_due_x\Debug/core.a(USBCore.cpp.o)
                0x00088b3a                STRING_LANGUAGE
 .rodata._ZL18test_packet_buffer
                0x00088b3e       0x35 C:\Users\dlenardon\AppData\Local\Temp\VMBuilds\loopbackSAM2\arduino_due_x\Debug/core.a(USBCore.cpp.o)
 .rodata.STRING_MANUFACTURER
                0x00088b73        0xc C:\Users\dlenardon\AppData\Local\Temp\VMBuilds\loopbackSAM2\arduino_due_x\Debug/core.a(USBCore.cpp.o)
                0x00088b73                STRING_MANUFACTURER
 .rodata.USB_DeviceDescriptorA
                0x00088b7f       0x12 C:\Users\dlenardon\AppData\Local\Temp\VMBuilds\loopbackSAM2\arduino_due_x\Debug/core.a(USBCore.cpp.o)
                0x00088b7f                USB_DeviceDescriptorA
 .rodata._ZL19USB_DeviceQualifier
                0x00088b91        0x9 C:\Users\dlenardon\AppData\Local\Temp\VMBuilds\loopbackSAM2\arduino_due_x\Debug/core.a(USBCore.cpp.o)
 *fill*         0x00088b9a        0x2 
 .rodata.str1.4
                0x00088b9c        0x2 c:/users/dlenardon/appdata/local/arduino15/packages/arduino/tools/arm-none-eabi-gcc/4.8.3-2014q1/bin/../lib/gcc/arm-none-eabi/4.8.3/../../../../arm-none-eabi/lib/armv7-m\libg.a(lib_a-impure.o)
                                  0x4 (size before relaxing)
 *fill*         0x00088b9e        0x2 
 .rodata._global_impure_ptr
                0x00088ba0        0x4 c:/users/dlenardon/appdata/local/arduino15/packages/arduino/tools/arm-none-eabi-gcc/4.8.3-2014q1/bin/../lib/gcc/arm-none-eabi/4.8.3/../../../../arm-none-eabi/lib/armv7-m\libg.a(lib_a-impure.o)
                0x00088ba0                _global_impure_ptr
 .rodata.blanks.6717
                0x00088ba4       0x10 c:/users/dlenardon/appdata/local/arduino15/packages/arduino/tools/arm-none-eabi-gcc/4.8.3-2014q1/bin/../lib/gcc/arm-none-eabi/4.8.3/../../../../arm-none-eabi/lib/armv7-m\libg.a(lib_a-vfiprintf.o)
 .rodata.str1.4
                0x00088bb4       0x2f c:/users/dlenardon/appdata/local/arduino15/packages/arduino/tools/arm-none-eabi-gcc/4.8.3-2014q1/bin/../lib/gcc/arm-none-eabi/4.8.3/../../../../arm-none-eabi/lib/armv7-m\libg.a(lib_a-vfiprintf.o)
                                 0x30 (size before relaxing)
 *fill*         0x00088be3        0x1 
 .rodata.zeroes.6718
                0x00088be4       0x10 c:/users/dlenardon/appdata/local/arduino15/packages/arduino/tools/arm-none-eabi-gcc/4.8.3-2014q1/bin/../lib/gcc/arm-none-eabi/4.8.3/../../../../arm-none-eabi/lib/armv7-m\libg.a(lib_a-vfiprintf.o)
 .rodata.str1.4
                0x00088bf4        0xa c:/users/dlenardon/appdata/local/arduino15/packages/arduino/tools/arm-none-eabi-gcc/4.8.3-2014q1/bin/../lib/gcc/arm-none-eabi/4.8.3/../../../../arm-none-eabi/lib/armv7-m\libg.a(lib_a-locale.o)
                                 0x14 (size before relaxing)
 *fill*         0x00088bfe        0x2 
 .rodata.zeroes.6760
                0x00088c00       0x10 c:/users/dlenardon/appdata/local/arduino15/packages/arduino/tools/arm-none-eabi-gcc/4.8.3-2014q1/bin/../lib/gcc/arm-none-eabi/4.8.3/../../../../arm-none-eabi/lib/armv7-m\libg.a(lib_a-svfprintf.o)
 .rodata.str1.4
                0x00088c10       0x12 c:/users/dlenardon/appdata/local/arduino15/packages/arduino/tools/arm-none-eabi-gcc/4.8.3-2014q1/bin/../lib/gcc/arm-none-eabi/4.8.3/../../../../arm-none-eabi/lib/armv7-m\libg.a(lib_a-svfprintf.o)
                                 0x44 (size before relaxing)
 *fill*         0x00088c22        0x2 
 .rodata.blanks.6759
                0x00088c24       0x10 c:/users/dlenardon/appdata/local/arduino15/packages/arduino/tools/arm-none-eabi-gcc/4.8.3-2014q1/bin/../lib/gcc/arm-none-eabi/4.8.3/../../../../arm-none-eabi/lib/armv7-m\libg.a(lib_a-svfprintf.o)
 .rodata.str1.4
                0x00088c34       0x10 c:/users/dlenardon/appdata/local/arduino15/packages/arduino/tools/arm-none-eabi-gcc/4.8.3-2014q1/bin/../lib/gcc/arm-none-eabi/4.8.3/../../../../arm-none-eabi/lib/armv7-m\libg.a(lib_a-dtoa.o)
                                 0x14 (size before relaxing)
 *fill*         0x00088c44        0x4 
 .rodata.__mprec_tens
                0x00088c48       0xc8 c:/users/dlenardon/appdata/local/arduino15/packages/arduino/tools/arm-none-eabi-gcc/4.8.3-2014q1/bin/../lib/gcc/arm-none-eabi/4.8.3/../../../../arm-none-eabi/lib/armv7-m\libg.a(lib_a-mprec.o)
                0x00088c48                __mprec_tens
 .rodata.__mprec_bigtens
                0x00088d10       0x28 c:/users/dlenardon/appdata/local/arduino15/packages/arduino/tools/arm-none-eabi-gcc/4.8.3-2014q1/bin/../lib/gcc/arm-none-eabi/4.8.3/../../../../arm-none-eabi/lib/armv7-m\libg.a(lib_a-mprec.o)
                0x00088d10                __mprec_bigtens
 .rodata.p05.5266
                0x00088d38        0xc c:/users/dlenardon/appdata/local/arduino15/packages/arduino/tools/arm-none-eabi-gcc/4.8.3-2014q1/bin/../lib/gcc/arm-none-eabi/4.8.3/../../../../arm-none-eabi/lib/armv7-m\libg.a(lib_a-mprec.o)
 *(.ARM.extab* .gnu.linkonce.armextab.*)
                0x00088d44                . = ALIGN (0x4)
 *(.init)
 .init          0x00088d44        0x4 c:/users/dlenardon/appdata/local/arduino15/packages/arduino/tools/arm-none-eabi-gcc/4.8.3-2014q1/bin/../lib/gcc/arm-none-eabi/4.8.3/armv7-m/crti.o
                0x00088d44                _init
 .init          0x00088d48        0x8 c:/users/dlenardon/appdata/local/arduino15/packages/arduino/tools/arm-none-eabi-gcc/4.8.3-2014q1/bin/../lib/gcc/arm-none-eabi/4.8.3/armv7-m/crtn.o
                0x00088d50                . = ALIGN (0x4)
                0x00088d50                __preinit_array_start = .
 *(.preinit_array)
                0x00088d50                __preinit_array_end = .
                0x00088d50                . = ALIGN (0x4)
                0x00088d50                __init_array_start = .
 *(SORT(.init_array.*))
 .init_array.00000
                0x00088d50        0x4 c:/users/dlenardon/appdata/local/arduino15/packages/arduino/tools/arm-none-eabi-gcc/4.8.3-2014q1/bin/../lib/gcc/arm-none-eabi/4.8.3/../../../../arm-none-eabi/lib/armv7-m\libg.a(lib_a-__call_atexit.o)
 *(.init_array)
 .init_array    0x00088d54        0x4 c:/users/dlenardon/appdata/local/arduino15/packages/arduino/tools/arm-none-eabi-gcc/4.8.3-2014q1/bin/../lib/gcc/arm-none-eabi/4.8.3/armv7-m/crtbegin.o
 .init_array    0x00088d58        0x4 C:\Users\dlenardon\AppData\Local\Temp\VMBuilds\loopbackSAM2\arduino_due_x\Debug\variant\variant.cpp.o
 .init_array    0x00088d5c        0x4 C:\Users\dlenardon\AppData\Local\Temp\VMBuilds\loopbackSAM2\arduino_due_x\Debug/core.a(CDC.cpp.o)
 .init_array    0x00088d60        0x4 C:\Users\dlenardon\AppData\Local\Temp\VMBuilds\loopbackSAM2\arduino_due_x\Debug/core.a(USBCore.cpp.o)
                0x00088d64                __init_array_end = .
                0x00088d64                . = ALIGN (0x4)
 *crtbegin.o(.ctors)
 *(EXCLUDE_FILE(*crtend.o) .ctors)
 *(SORT(.ctors.*))
 *crtend.o(.ctors)
                0x00088d64                . = ALIGN (0x4)
 *(.fini)
 .fini          0x00088d64        0x4 c:/users/dlenardon/appdata/local/arduino15/packages/arduino/tools/arm-none-eabi-gcc/4.8.3-2014q1/bin/../lib/gcc/arm-none-eabi/4.8.3/armv7-m/crti.o
                0x00088d64                _fini
 .fini          0x00088d68        0x8 c:/users/dlenardon/appdata/local/arduino15/packages/arduino/tools/arm-none-eabi-gcc/4.8.3-2014q1/bin/../lib/gcc/arm-none-eabi/4.8.3/armv7-m/crtn.o
                0x00088d70                . = ALIGN (0x4)
                0x00088d70                __fini_array_start = .
 *(.fini_array)
 .fini_array    0x00088d70        0x4 c:/users/dlenardon/appdata/local/arduino15/packages/arduino/tools/arm-none-eabi-gcc/4.8.3-2014q1/bin/../lib/gcc/arm-none-eabi/4.8.3/armv7-m/crtbegin.o
 *(SORT(.fini_array.*))
                0x00088d74                __fini_array_end = .
 *crtbegin.o(.dtors)
 *(EXCLUDE_FILE(*crtend.o) .dtors)
 *(SORT(.dtors.*))
 *crtend.o(.dtors)
                0x00088d74                . = ALIGN (0x4)
                0x00088d74                _efixed = .
                0x00088d74                PROVIDE (__exidx_start, .)

.vfp11_veneer   0x00088d74        0x0
 .vfp11_veneer  0x00000000        0x0 linker stubs

.v4_bx          0x00088d74        0x0
 .v4_bx         0x00000000        0x0 linker stubs

.iplt           0x00088d74        0x0
 .iplt          0x00000000        0x0 c:/users/dlenardon/appdata/local/arduino15/packages/arduino/tools/arm-none-eabi-gcc/4.8.3-2014q1/bin/../lib/gcc/arm-none-eabi/4.8.3/armv7-m/crtbegin.o

.ARM.exidx      0x00088d74        0x8
 *(.ARM.exidx* .gnu.linkonce.armexidx.*)
 .ARM.exidx     0x00088d74        0x8 c:/users/dlenardon/appdata/local/arduino15/packages/arduino/tools/arm-none-eabi-gcc/4.8.3-2014q1/bin/../lib/gcc/arm-none-eabi/4.8.3/armv7-m\libgcc.a(_divdi3.o)
 .ARM.exidx     0x00088d7c        0x0 c:/users/dlenardon/appdata/local/arduino15/packages/arduino/tools/arm-none-eabi-gcc/4.8.3-2014q1/bin/../lib/gcc/arm-none-eabi/4.8.3/armv7-m\libgcc.a(_udivdi3.o)
                                  0x8 (size before relaxing)
                0x00088d7c                PROVIDE (__exidx_end, .)

.eh_frame       0x00088d7c        0x0
 .eh_frame      0x00088d7c        0x0 c:/users/dlenardon/appdata/local/arduino15/packages/arduino/tools/arm-none-eabi-gcc/4.8.3-2014q1/bin/../lib/gcc/arm-none-eabi/4.8.3/armv7-m/crtbegin.o

.rel.dyn        0x00088d7c        0x0
 .rel.iplt      0x00000000        0x0 c:/users/dlenardon/appdata/local/arduino15/packages/arduino/tools/arm-none-eabi-gcc/4.8.3-2014q1/bin/../lib/gcc/arm-none-eabi/4.8.3/armv7-m/crtbegin.o

.jcr            0x00088d7c        0x0
 .jcr           0x00088d7c        0x0 c:/users/dlenardon/appdata/local/arduino15/packages/arduino/tools/arm-none-eabi-gcc/4.8.3-2014q1/bin/../lib/gcc/arm-none-eabi/4.8.3/armv7-m/crtbegin.o

.igot.plt       0x00088d7c        0x0
 .igot.plt      0x00000000        0x0 c:/users/dlenardon/appdata/local/arduino15/packages/arduino/tools/arm-none-eabi-gcc/4.8.3-2014q1/bin/../lib/gcc/arm-none-eabi/4.8.3/armv7-m/crtbegin.o
                0x00088d7c                . = ALIGN (0x4)
                0x00088d7c                _etext = .

.relocate       0x20070000      0x90c load address 0x00088d7c
                0x20070000                . = ALIGN (0x4)
                0x20070000                _srelocate = .
 *(.ramfunc .ramfunc.*)
 .ramfunc       0x20070000       0x2c C:\Users\dlenardon\AppData\Local\Temp\VMBuilds\loopbackSAM2\arduino_due_x\Debug/core.a(Reset.cpp.o)
                0x20070000                banzai
 *(.data .data.*)
 .data._ZZ4loopE9loopCount
                0x2007002c        0x4 C:\Users\dlenardon\AppData\Local\Temp\VMBuilds\loopbackSAM2\arduino_due_x\Debug\loopbackSAM2.cpp.o
 .data.SystemCoreClock
                0x20070030        0x4 C:\Users\dlenardon\AppData\Local\arduino15\packages\arduino\hardware\sam\1.6.11\variants\arduino_due_x/libsam_sam3x8e_gcc_rel.a(system_sam3xa.o)
                0x20070030                SystemCoreClock
 .data._ZL5ticks
                0x20070034        0x4 C:\Users\dlenardon\AppData\Local\Temp\VMBuilds\loopbackSAM2\arduino_due_x\Debug/core.a(Reset.cpp.o)
 .data._ZL10breakValue
                0x20070038        0x4 C:\Users\dlenardon\AppData\Local\Temp\VMBuilds\loopbackSAM2\arduino_due_x\Debug/core.a(CDC.cpp.o)
 .data._ZL12_usbLineInfo
                0x2007003c        0x8 C:\Users\dlenardon\AppData\Local\Temp\VMBuilds\loopbackSAM2\arduino_due_x\Debug/core.a(CDC.cpp.o)
 .data.EndPoints
                0x20070044       0x28 C:\Users\dlenardon\AppData\Local\Temp\VMBuilds\loopbackSAM2\arduino_due_x\Debug/core.a(USBCore.cpp.o)
                0x20070044                EndPoints
 .data.g_interrupt_enabled
                0x2007006c        0x4 C:\Users\dlenardon\AppData\Local\arduino15\packages\arduino\hardware\sam\1.6.11\variants\arduino_due_x/libsam_sam3x8e_gcc_rel.a(interrupt_sam_nvic.o)
                0x2007006c                g_interrupt_enabled
 .data.impure_data
                0x20070070      0x428 c:/users/dlenardon/appdata/local/arduino15/packages/arduino/tools/arm-none-eabi-gcc/4.8.3-2014q1/bin/../lib/gcc/arm-none-eabi/4.8.3/../../../../arm-none-eabi/lib/armv7-m\libg.a(lib_a-impure.o)
 .data._impure_ptr
                0x20070498        0x4 c:/users/dlenardon/appdata/local/arduino15/packages/arduino/tools/arm-none-eabi-gcc/4.8.3-2014q1/bin/../lib/gcc/arm-none-eabi/4.8.3/../../../../arm-none-eabi/lib/armv7-m\libg.a(lib_a-impure.o)
                0x20070498                _impure_ptr
 .data.lconv    0x2007049c       0x38 c:/users/dlenardon/appdata/local/arduino15/packages/arduino/tools/arm-none-eabi-gcc/4.8.3-2014q1/bin/../lib/gcc/arm-none-eabi/4.8.3/../../../../arm-none-eabi/lib/armv7-m\libg.a(lib_a-locale.o)
 .data.lc_ctype_charset
                0x200704d4       0x20 c:/users/dlenardon/appdata/local/arduino15/packages/arduino/tools/arm-none-eabi-gcc/4.8.3-2014q1/bin/../lib/gcc/arm-none-eabi/4.8.3/../../../../arm-none-eabi/lib/armv7-m\libg.a(lib_a-locale.o)
 .data.__mb_cur_max
                0x200704f4        0x4 c:/users/dlenardon/appdata/local/arduino15/packages/arduino/tools/arm-none-eabi-gcc/4.8.3-2014q1/bin/../lib/gcc/arm-none-eabi/4.8.3/../../../../arm-none-eabi/lib/armv7-m\libg.a(lib_a-locale.o)
                0x200704f4                __mb_cur_max
 .data.__malloc_av_
                0x200704f8      0x408 c:/users/dlenardon/appdata/local/arduino15/packages/arduino/tools/arm-none-eabi-gcc/4.8.3-2014q1/bin/../lib/gcc/arm-none-eabi/4.8.3/../../../../arm-none-eabi/lib/armv7-m\libg.a(lib_a-mallocr.o)
                0x200704f8                __malloc_av_
 .data.__malloc_trim_threshold
                0x20070900        0x4 c:/users/dlenardon/appdata/local/arduino15/packages/arduino/tools/arm-none-eabi-gcc/4.8.3-2014q1/bin/../lib/gcc/arm-none-eabi/4.8.3/../../../../arm-none-eabi/lib/armv7-m\libg.a(lib_a-mallocr.o)
                0x20070900                __malloc_trim_threshold
 .data.__malloc_sbrk_base
                0x20070904        0x4 c:/users/dlenardon/appdata/local/arduino15/packages/arduino/tools/arm-none-eabi-gcc/4.8.3-2014q1/bin/../lib/gcc/arm-none-eabi/4.8.3/../../../../arm-none-eabi/lib/armv7-m\libg.a(lib_a-mallocr.o)
                0x20070904                __malloc_sbrk_base
 .data.__wctomb
                0x20070908        0x4 c:/users/dlenardon/appdata/local/arduino15/packages/arduino/tools/arm-none-eabi-gcc/4.8.3-2014q1/bin/../lib/gcc/arm-none-eabi/4.8.3/../../../../arm-none-eabi/lib/armv7-m\libg.a(lib_a-wctomb_r.o)
                0x20070908                __wctomb
                0x2007090c                . = ALIGN (0x4)
                0x2007090c                _erelocate = .

.bss            0x2007090c      0x828 load address 0x00089688
                0x2007090c                . = ALIGN (0x4)
                0x2007090c                _sbss = .
                0x2007090c                _szero = .
 *(.bss .bss.*)
 .bss           0x2007090c       0x1c c:/users/dlenardon/appdata/local/arduino15/packages/arduino/tools/arm-none-eabi-gcc/4.8.3-2014q1/bin/../lib/gcc/arm-none-eabi/4.8.3/armv7-m/crtbegin.o
 .bss.tx_buffer2
                0x20070928       0x88 C:\Users\dlenardon\AppData\Local\Temp\VMBuilds\loopbackSAM2\arduino_due_x\Debug\variant\variant.cpp.o
                0x20070928                tx_buffer2
 .bss.tx_buffer1
                0x200709b0       0x88 C:\Users\dlenardon\AppData\Local\Temp\VMBuilds\loopbackSAM2\arduino_due_x\Debug\variant\variant.cpp.o
                0x200709b0                tx_buffer1
 .bss.Serial    0x20070a38       0x24 C:\Users\dlenardon\AppData\Local\Temp\VMBuilds\loopbackSAM2\arduino_due_x\Debug\variant\variant.cpp.o
                0x20070a38                Serial
 .bss.rx_buffer1
                0x20070a5c       0x88 C:\Users\dlenardon\AppData\Local\Temp\VMBuilds\loopbackSAM2\arduino_due_x\Debug\variant\variant.cpp.o
                0x20070a5c                rx_buffer1
 .bss.Serial1   0x20070ae4       0x28 C:\Users\dlenardon\AppData\Local\Temp\VMBuilds\loopbackSAM2\arduino_due_x\Debug\variant\variant.cpp.o
                0x20070ae4                Serial1
 .bss.Serial2   0x20070b0c       0x28 C:\Users\dlenardon\AppData\Local\Temp\VMBuilds\loopbackSAM2\arduino_due_x\Debug\variant\variant.cpp.o
                0x20070b0c                Serial2
 .bss.Serial3   0x20070b34       0x28 C:\Users\dlenardon\AppData\Local\Temp\VMBuilds\loopbackSAM2\arduino_due_x\Debug\variant\variant.cpp.o
                0x20070b34                Serial3
 .bss.tx_buffer3
                0x20070b5c       0x88 C:\Users\dlenardon\AppData\Local\Temp\VMBuilds\loopbackSAM2\arduino_due_x\Debug\variant\variant.cpp.o
                0x20070b5c                tx_buffer3
 .bss.tx_buffer4
                0x20070be4       0x88 C:\Users\dlenardon\AppData\Local\Temp\VMBuilds\loopbackSAM2\arduino_due_x\Debug\variant\variant.cpp.o
                0x20070be4                tx_buffer4
 .bss.g_pinStatus
                0x20070c6c       0x4f C:\Users\dlenardon\AppData\Local\Temp\VMBuilds\loopbackSAM2\arduino_due_x\Debug\variant\variant.cpp.o
                0x20070c6c                g_pinStatus
 *fill*         0x20070cbb        0x1 
 .bss.rx_buffer2
                0x20070cbc       0x88 C:\Users\dlenardon\AppData\Local\Temp\VMBuilds\loopbackSAM2\arduino_due_x\Debug\variant\variant.cpp.o
                0x20070cbc                rx_buffer2
 .bss.rx_buffer3
                0x20070d44       0x88 C:\Users\dlenardon\AppData\Local\Temp\VMBuilds\loopbackSAM2\arduino_due_x\Debug\variant\variant.cpp.o
                0x20070d44                rx_buffer3
 .bss.rx_buffer4
                0x20070dcc       0x88 C:\Users\dlenardon\AppData\Local\Temp\VMBuilds\loopbackSAM2\arduino_due_x\Debug\variant\variant.cpp.o
                0x20070dcc                rx_buffer4
 .bss.gpf_isr   0x20070e54        0x4 C:\Users\dlenardon\AppData\Local\arduino15\packages\arduino\hardware\sam\1.6.11\variants\arduino_due_x/libsam_sam3x8e_gcc_rel.a(uotghs.o)
                0x20070e54                gpf_isr
 .bss.heap.6420
                0x20070e58        0x4 C:\Users\dlenardon\AppData\Local\Temp\VMBuilds\loopbackSAM2\arduino_due_x\Debug/core.a(syscalls_sam3.c.o)
 .bss.cdc_rx_buffer
                0x20070e5c      0x208 C:\Users\dlenardon\AppData\Local\Temp\VMBuilds\loopbackSAM2\arduino_due_x\Debug/core.a(CDC.cpp.o)
                0x20070e5c                cdc_rx_buffer
 .bss._ZZN7Serial_6acceptEvE5guard
                0x20071064        0x4 C:\Users\dlenardon\AppData\Local\Temp\VMBuilds\loopbackSAM2\arduino_due_x\Debug/core.a(CDC.cpp.o)
 .bss.SerialUSB
                0x20071068       0x14 C:\Users\dlenardon\AppData\Local\Temp\VMBuilds\loopbackSAM2\arduino_due_x\Debug/core.a(CDC.cpp.o)
                0x20071068                SerialUSB
 .bss._cmark    0x2007107c        0x2 C:\Users\dlenardon\AppData\Local\Temp\VMBuilds\loopbackSAM2\arduino_due_x\Debug/core.a(USBCore.cpp.o)
                0x2007107c                _cmark
 .bss._ZL14isEndpointHalt
                0x2007107e        0x1 C:\Users\dlenardon\AppData\Local\Temp\VMBuilds\loopbackSAM2\arduino_due_x\Debug/core.a(USBCore.cpp.o)
 *fill*         0x2007107f        0x1 
 .bss._cdcComposite
                0x20071080        0x4 C:\Users\dlenardon\AppData\Local\Temp\VMBuilds\loopbackSAM2\arduino_due_x\Debug/core.a(USBCore.cpp.o)
                0x20071080                _cdcComposite
 .bss._ZL21isRemoteWakeUpEnabled
                0x20071084        0x1 C:\Users\dlenardon\AppData\Local\Temp\VMBuilds\loopbackSAM2\arduino_due_x\Debug/core.a(USBCore.cpp.o)
 *fill*         0x20071085        0x3 
 .bss._usbInitialized
                0x20071088        0x4 C:\Users\dlenardon\AppData\Local\Temp\VMBuilds\loopbackSAM2\arduino_due_x\Debug/core.a(USBCore.cpp.o)
                0x20071088                _usbInitialized
 .bss.USBDevice
                0x2007108c        0x1 C:\Users\dlenardon\AppData\Local\Temp\VMBuilds\loopbackSAM2\arduino_due_x\Debug/core.a(USBCore.cpp.o)
                0x2007108c                USBDevice
 *fill*         0x2007108d        0x3 
 .bss._usbSetInterface
                0x20071090        0x4 C:\Users\dlenardon\AppData\Local\Temp\VMBuilds\loopbackSAM2\arduino_due_x\Debug/core.a(USBCore.cpp.o)
                0x20071090                _usbSetInterface
 .bss._cend     0x20071094        0x2 C:\Users\dlenardon\AppData\Local\Temp\VMBuilds\loopbackSAM2\arduino_due_x\Debug/core.a(USBCore.cpp.o)
                0x20071094                _cend
 *fill*         0x20071096        0x2 
 .bss._usbConfiguration
                0x20071098        0x4 C:\Users\dlenardon\AppData\Local\Temp\VMBuilds\loopbackSAM2\arduino_due_x\Debug/core.a(USBCore.cpp.o)
                0x20071098                _usbConfiguration
 .bss._ZZ12PluggableUSBvE3obj
                0x2007109c        0x8 C:\Users\dlenardon\AppData\Local\Temp\VMBuilds\loopbackSAM2\arduino_due_x\Debug/core.a(PluggableUSB.cpp.o)
 .bss._ZGVZ12PluggableUSBvE3obj
                0x200710a4        0x4 C:\Users\dlenardon\AppData\Local\Temp\VMBuilds\loopbackSAM2\arduino_due_x\Debug/core.a(PluggableUSB.cpp.o)
 .bss._dwTickCount
                0x200710a8        0x4 C:\Users\dlenardon\AppData\Local\arduino15\packages\arduino\hardware\sam\1.6.11\variants\arduino_due_x/libsam_sam3x8e_gcc_rel.a(timetick.o)
 .bss.ul_recv_fifo_ptr
                0x200710ac       0x28 C:\Users\dlenardon\AppData\Local\arduino15\packages\arduino\hardware\sam\1.6.11\variants\arduino_due_x/libsam_sam3x8e_gcc_rel.a(uotghs_device.o)
 .bss.ul_send_fifo_ptr
                0x200710d4       0x28 C:\Users\dlenardon\AppData\Local\arduino15\packages\arduino\hardware\sam\1.6.11\variants\arduino_due_x/libsam_sam3x8e_gcc_rel.a(uotghs_device.o)
 .bss.__malloc_max_total_mem
                0x200710fc        0x4 c:/users/dlenardon/appdata/local/arduino15/packages/arduino/tools/arm-none-eabi-gcc/4.8.3-2014q1/bin/../lib/gcc/arm-none-eabi/4.8.3/../../../../arm-none-eabi/lib/armv7-m\libg.a(lib_a-mallocr.o)
                0x200710fc                __malloc_max_total_mem
 .bss.__malloc_max_sbrked_mem
                0x20071100        0x4 c:/users/dlenardon/appdata/local/arduino15/packages/arduino/tools/arm-none-eabi-gcc/4.8.3-2014q1/bin/../lib/gcc/arm-none-eabi/4.8.3/../../../../arm-none-eabi/lib/armv7-m\libg.a(lib_a-mallocr.o)
                0x20071100                __malloc_max_sbrked_mem
 .bss.__malloc_top_pad
                0x20071104        0x4 c:/users/dlenardon/appdata/local/arduino15/packages/arduino/tools/arm-none-eabi-gcc/4.8.3-2014q1/bin/../lib/gcc/arm-none-eabi/4.8.3/../../../../arm-none-eabi/lib/armv7-m\libg.a(lib_a-mallocr.o)
                0x20071104                __malloc_top_pad
 .bss.__malloc_current_mallinfo
                0x20071108       0x28 c:/users/dlenardon/appdata/local/arduino15/packages/arduino/tools/arm-none-eabi-gcc/4.8.3-2014q1/bin/../lib/gcc/arm-none-eabi/4.8.3/../../../../arm-none-eabi/lib/armv7-m\libg.a(lib_a-mallocr.o)
                0x20071108                __malloc_current_mallinfo
 *(COMMON)
 COMMON         0x20071130        0x4 c:/users/dlenardon/appdata/local/arduino15/packages/arduino/tools/arm-none-eabi-gcc/4.8.3-2014q1/bin/../lib/gcc/arm-none-eabi/4.8.3/../../../../arm-none-eabi/lib/armv7-m\libg.a(lib_a-reent.o)
                0x20071130                errno
                0x20071134                . = ALIGN (0x4)
                0x20071134                _ebss = .
                0x20071134                _ezero = .
                0x20071134                . = ALIGN (0x4)
                0x20071134                _end = .

.stack_dummy    0x20071134        0x0
 *(.stack*)
                0x20088000                __StackTop = (ORIGIN (ram) + 0x18000)
                0x20088000                __StackLimit = (__StackTop - SIZEOF (.stack_dummy))
                0x20088000                PROVIDE (_sstack, __StackLimit)
                0x20088000                PROVIDE (_estack, __StackTop)
OUTPUT(C:\Users\dlenardon\AppData\Local\Temp\VMBuilds\loopbackSAM2\arduino_due_x\Debug/loopbackSAM2.ino.elf elf32-littlearm)

.ARM.attributes
                0x00000000       0x29
 .ARM.attributes
                0x00000000       0x1d c:/users/dlenardon/appdata/local/arduino15/packages/arduino/tools/arm-none-eabi-gcc/4.8.3-2014q1/bin/../lib/gcc/arm-none-eabi/4.8.3/armv7-m/crti.o
 .ARM.attributes
                0x0000001d       0x2d c:/users/dlenardon/appdata/local/arduino15/packages/arduino/tools/arm-none-eabi-gcc/4.8.3-2014q1/bin/../lib/gcc/arm-none-eabi/4.8.3/armv7-m/crtbegin.o
 .ARM.attributes
                0x0000004a       0x33 C:\Users\dlenardon\AppData\Local\Temp\VMBuilds\loopbackSAM2\arduino_due_x\Debug\loopbackSAM2.cpp.o
 .ARM.attributes
                0x0000007d       0x33 C:\Users\dlenardon\AppData\Local\Temp\VMBuilds\loopbackSAM2\arduino_due_x\Debug\CAUtility\CAUtility.a(CAUtility.cpp.o)
 .ARM.attributes
                0x000000b0       0x33 C:\Users\dlenardon\AppData\Local\Temp\VMBuilds\loopbackSAM2\arduino_due_x\Debug\variant\variant.cpp.o
 .ARM.attributes
                0x000000e3       0x33 C:\Users\dlenardon\AppData\Local\arduino15\packages\arduino\hardware\sam\1.6.11\variants\arduino_due_x/libsam_sam3x8e_gcc_rel.a(pio.o)
 .ARM.attributes
                0x00000116       0x33 C:\Users\dlenardon\AppData\Local\arduino15\packages\arduino\hardware\sam\1.6.11\variants\arduino_due_x/libsam_sam3x8e_gcc_rel.a(pmc.o)
 .ARM.attributes
                0x00000149       0x33 C:\Users\dlenardon\AppData\Local\arduino15\packages\arduino\hardware\sam\1.6.11\variants\arduino_due_x/libsam_sam3x8e_gcc_rel.a(system_sam3xa.o)
 .ARM.attributes
                0x0000017c       0x33 C:\Users\dlenardon\AppData\Local\arduino15\packages\arduino\hardware\sam\1.6.11\variants\arduino_due_x/libsam_sam3x8e_gcc_rel.a(startup_sam3xa.o)
 .ARM.attributes
                0x000001af       0x33 C:\Users\dlenardon\AppData\Local\arduino15\packages\arduino\hardware\sam\1.6.11\variants\arduino_due_x/libsam_sam3x8e_gcc_rel.a(adc.o)
 .ARM.attributes
                0x000001e2       0x33 C:\Users\dlenardon\AppData\Local\arduino15\packages\arduino\hardware\sam\1.6.11\variants\arduino_due_x/libsam_sam3x8e_gcc_rel.a(uotghs.o)
 .ARM.attributes
                0x00000215       0x33 C:\Users\dlenardon\AppData\Local\Temp\VMBuilds\loopbackSAM2\arduino_due_x\Debug/core.a(cortex_handlers.c.o)
 .ARM.attributes
                0x00000248       0x33 C:\Users\dlenardon\AppData\Local\Temp\VMBuilds\loopbackSAM2\arduino_due_x\Debug/core.a(hooks.c.o)
 .ARM.attributes
                0x0000027b       0x33 C:\Users\dlenardon\AppData\Local\Temp\VMBuilds\loopbackSAM2\arduino_due_x\Debug/core.a(syscalls_sam3.c.o)
 .ARM.attributes
                0x000002ae       0x33 C:\Users\dlenardon\AppData\Local\Temp\VMBuilds\loopbackSAM2\arduino_due_x\Debug/core.a(wiring.c.o)
 .ARM.attributes
                0x000002e1       0x33 C:\Users\dlenardon\AppData\Local\Temp\VMBuilds\loopbackSAM2\arduino_due_x\Debug/core.a(wiring_analog.c.o)
 .ARM.attributes
                0x00000314       0x33 C:\Users\dlenardon\AppData\Local\Temp\VMBuilds\loopbackSAM2\arduino_due_x\Debug/core.a(wiring_digital.c.o)
 .ARM.attributes
                0x00000347       0x33 C:\Users\dlenardon\AppData\Local\Temp\VMBuilds\loopbackSAM2\arduino_due_x\Debug/core.a(main.cpp.o)
 .ARM.attributes
                0x0000037a       0x33 C:\Users\dlenardon\AppData\Local\Temp\VMBuilds\loopbackSAM2\arduino_due_x\Debug/core.a(Print.cpp.o)
 .ARM.attributes
                0x000003ad       0x33 C:\Users\dlenardon\AppData\Local\Temp\VMBuilds\loopbackSAM2\arduino_due_x\Debug/core.a(Reset.cpp.o)
 .ARM.attributes
                0x000003e0       0x33 C:\Users\dlenardon\AppData\Local\Temp\VMBuilds\loopbackSAM2\arduino_due_x\Debug/core.a(RingBuffer.cpp.o)
 .ARM.attributes
                0x00000413       0x33 C:\Users\dlenardon\AppData\Local\Temp\VMBuilds\loopbackSAM2\arduino_due_x\Debug/core.a(UARTClass.cpp.o)
 .ARM.attributes
                0x00000446       0x33 C:\Users\dlenardon\AppData\Local\Temp\VMBuilds\loopbackSAM2\arduino_due_x\Debug/core.a(USARTClass.cpp.o)
 .ARM.attributes
                0x00000479       0x33 C:\Users\dlenardon\AppData\Local\Temp\VMBuilds\loopbackSAM2\arduino_due_x\Debug/core.a(watchdog.cpp.o)
 .ARM.attributes
                0x000004ac       0x33 C:\Users\dlenardon\AppData\Local\Temp\VMBuilds\loopbackSAM2\arduino_due_x\Debug/core.a(CDC.cpp.o)